Godot Engine v4.7.2.stable.official.ed1daf0bf - https://godotengine.org

已加载地区 [仙桃] 非遗牌库，共 2 张
已加载地区 [十堰] 非遗牌库，共 7 张
已加载地区 [咸宁] 非遗牌库，共 1 张
已加载地区 [天门] 非遗牌库，共 2 张
已加载地区 [孝感] 非遗牌库，共 5 张
已加载地区 [宜昌] 非遗牌库，共 16 张
已加载地区 [恩施] 非遗牌库，共 12 张
已加载地区 [武汉] 非遗牌库，共 11 张
已加载地区 [潜江] 非遗牌库，共 2 张
已加载地区 [神农架] 非遗牌库，共 2 张
已加载地区 [荆州] 非遗牌库，共 7 张
已加载地区 [荆门] 非遗牌库，共 1 张
已加载地区 [襄阳] 非遗牌库，共 4 张
已加载地区 [鄂州] 非遗牌库，共 2 张
已加载地区 [随州] 非遗牌库，共 2 张
已加载地区 [黄冈] 非遗牌库，共 7 张
已加载地区 [黄石] 非遗牌库，共 4 张
已加载地区 [仙桃] 非遗牌库，共 2 张
已加载地区 [十堰] 非遗牌库，共 7 张
已加载地区 [咸宁] 非遗牌库，共 1 张
已加载地区 [天门] 非遗牌库，共 2 张
已加载地区 [孝感] 非遗牌库，共 5 张
已加载地区 [宜昌] 非遗牌库，共 16 张
已加载地区 [恩施] 非遗牌库，共 12 张
已加载地区 [武汉] 非遗牌库，共 11 张
已加载地区 [潜江] 非遗牌库，共 2 张
已加载地区 [神农架] 非遗牌库，共 2 张
已加载地区 [荆州] 非遗牌库，共 7 张
已加载地区 [荆门] 非遗牌库，共 1 张
已加载地区 [襄阳] 非遗牌库，共 4 张
已加载地区 [鄂州] 非遗牌库，共 2 张
已加载地区 [随州] 非遗牌库，共 2 张
已加载地区 [黄冈] 非遗牌库，共 7 张
已加载地区 [黄石] 非遗牌库，共 4 张
地图已成功嵌入 HUD 视口中！
AI0已挂载到地图
AI1已挂载到地图
--- 回合开始 ---
>>> 等待玩家掷骰子
AI0 掷出了 7 点
>>> 等待玩家移动
AI0 精力变动: -4。当前精力: 2。原因: 移动消耗
AI0 移动完毕。
>>> 等待玩家行动
AI0 积分点 -250。当前积分点: 250。原因: 购买食物
AI0 积分点 -250。当前积分点: 0。原因: 购买食物
AI0 精力变动: 2。当前精力: 4。原因: 食物：皮条鳝鱼
--- 回合结束 ---
玩家 AI0回合结束
--- 回合开始 ---
>>> 等待玩家掷骰子
AI1 掷出了 5 点
>>> 等待玩家移动
AI1 精力变动: -2。当前精力: 4。原因: 移动消耗
AI1 移动完毕。
>>> 等待玩家行动
AI1 精力变动: -1。当前精力: 3。原因: 收集非遗
AI1 在 [随州] 获得了非遗牌：【花鼓戏】
执行了非遗牌效果：花鼓戏
AI1 精力变动: 3。当前精力: 6。原因: 使用戏曲表演类非遗牌
--- 回合结束 ---
玩家 AI1回合结束
--- 回合开始 ---
AI0 精力变动: 1。当前精力: 5。原因: 食物：皮条鳝鱼（竹节鳝鱼）
>>> 等待玩家掷骰子
AI0 掷出了 10 点
>>> 等待玩家移动
AI0 精力变动: -2。当前精力: 3。原因: 移动消耗
AI0 移动完毕。
>>> 等待玩家行动
AI0 精力变动: 4。当前精力: 7。原因: 食物：通山包坨
AI0 精力变动: -1。当前精力: 6。原因: 收集非遗
AI0 在 [宜昌] 获得了非遗牌：【宜昌薅草锣鼓】
执行了非遗牌效果：宜昌薅草锣鼓
AI0 积分点 500。当前积分点: 500。原因: 使用民间音乐类非遗牌
--- 回合结束 ---
玩家 AI0回合结束
--- 回合开始 ---
>>> 等待玩家掷骰子
AI1 掷出了 8 点
>>> 等待玩家移动
AI1 精力变动: -2。当前精力: 4。原因: 移动消耗
AI1 移动完毕。
>>> 等待玩家行动
AI1 精力变动: -1。当前精力: 3。原因: 收集非遗
AI1 在 [荆门] 获得了非遗牌：【夏氏炼丹术及其祖传秘方】
AI1 精力变动: -1。当前精力: 2。原因: 传承任务：夏氏炼丹术及其祖传秘方
--- 回合结束 ---
玩家 AI1回合结束
--- 回合开始 ---
AI0 精力变动: 1。当前精力: 7。原因: 食物：皮条鳝鱼（竹节鳝鱼）
>>> 等待玩家掷骰子
AI0 掷出了 8 点
>>> 等待玩家移动
>>> 等待玩家行动
AI0 精力变动: -1。当前精力: 6。原因: 收集非遗
AI0 在 [宜昌] 获得了非遗牌：【土家族打溜子】
执行了非遗牌效果：土家族打溜子
AI0 积分点 500。当前积分点: 1000。原因: 使用民间音乐类非遗牌
--- 回合结束 ---
玩家 AI0回合结束
--- 回合开始 ---
>>> 等待玩家掷骰子
AI1 掷出了 11 点
>>> 等待玩家移动
AI1 精力变动: -1。当前精力: 1。原因: 移动消耗
AI1 移动完毕。
AI1 精力变动: -1。当前精力: 0。原因: 移动消耗
AI1 移动完毕。
AI1 移动完毕。
AI1 移动完毕。
>>> 等待玩家行动
AI1 精力变动: 3。当前精力: 3。原因: 看风景
AI1 积分点 250。当前积分点: 750。原因: 职业技能：旅行博主
AI1 欣赏风景，回复3点精力，获得250积分点！
--- 回合结束 ---
玩家 AI1回合结束
--- 回合开始 ---
>>> 等待玩家掷骰子
AI0 掷出了 7 点
>>> 等待玩家移动
AI0 精力变动: -3。当前精力: 3。原因: 移动消耗
AI0 移动完毕。
>>> 等待玩家行动
AI0 积分点 -250。当前积分点: 750。原因: 购买食物
AI0 积分点 -150。当前积分点: 600。原因: 购买食物
AI0 积分点 -250。当前积分点: 350。原因: 购买食物
AI0 精力变动: 3。当前精力: 6。原因: 食物：沙窝豆丝
--- 回合结束 ---
玩家 AI0回合结束
--- 回合开始 ---
>>> 等待玩家掷骰子
AI1 掷出了 8 点
>>> 等待玩家移动
AI1 精力变动: -1。当前精力: 2。原因: 移动消耗
AI1 移动完毕。
>>> 等待玩家行动
AI1 精力变动: -1。当前精力: 1。原因: 收集非遗
AI1 在 [仙桃] 获得了非遗牌：【仙桃雕花剪纸】
--- 回合结束 ---
玩家 AI1回合结束
--- 回合开始 ---
>>> 等待玩家掷骰子
AI0 掷出了 10 点
>>> 等待玩家移动
AI0 精力变动: -3。当前精力: 3。原因: 移动消耗
AI0 移动完毕。
>>> 等待玩家行动
AI0 精力变动: 2。当前精力: 5。原因: 食物：嘉鱼麻糖
--- 回合结束 ---
玩家 AI0回合结束
--- 回合开始 ---
>>> 等待玩家掷骰子
AI1 掷出了 7 点
>>> 等待玩家移动
AI1 移动完毕。
>>> 等待玩家行动
AI1 精力变动: 3。当前精力: 4。原因: 看风景
AI1 积分点 250。当前积分点: 1000。原因: 职业技能：旅行博主
AI1 欣赏风景，回复3点精力，获得250积分点！
--- 回合结束 ---
玩家 AI1回合结束
--- 回合开始 ---
>>> 等待玩家掷骰子
AI0 掷出了 7 点
>>> 等待玩家移动
>>> 等待玩家行动
AI0 精力变动: -1。当前精力: 4。原因: 收集非遗
AI0 在 [天门] 获得了非遗牌：【天门糖塑】
AI0 精力变动: -1。当前精力: 3。原因: 传承任务：天门糖塑
--- 回合结束 ---
玩家 AI0回合结束
--- 回合开始 ---
>>> 等待玩家掷骰子
AI1 掷出了 6 点
>>> 等待玩家移动
AI1 精力变动: -1。当前精力: 3。原因: 移动消耗
AI1 移动完毕。
>>> 等待玩家行动
AI1 精力变动: -1。当前精力: 2。原因: 收集非遗
AI1 在 [仙桃] 获得了非遗牌：【荆州花鼓戏】
AI1 精力变动: -1。当前精力: 1。原因: 传承任务：荆州花鼓戏
--- 回合结束 ---
玩家 AI1回合结束
--- 回合开始 ---
>>> 等待玩家掷骰子
AI0 掷出了 4 点
>>> 等待玩家移动
>>> 等待玩家行动
AI0 精力变动: -1。当前精力: 2。原因: 传承任务：天门糖塑
AI0 精力变动: -1。当前精力: 1。原因: 收集非遗
AI0 在 [天门] 获得了非遗牌：【天门民歌】
--- 回合结束 ---
玩家 AI0回合结束
--- 回合开始 ---
>>> 等待玩家掷骰子
AI1 掷出了 10 点
>>> 等待玩家移动
AI1 精力变动: -1。当前精力: 0。原因: 移动消耗
AI1 移动完毕。
>>> 等待玩家行动
AI1 精力变动: 3。当前精力: 3。原因: 看风景
AI1 积分点 250。当前积分点: 1250。原因: 职业技能：旅行博主
AI1 欣赏风景，回复3点精力，获得250积分点！
--- 回合结束 ---
玩家 AI1回合结束
--- 回合开始 ---
>>> 等待玩家掷骰子
AI0 掷出了 8 点
>>> 等待玩家移动
>>> 等待玩家行动
AI0 精力变动: 3。当前精力: 4。原因: 看风景
AI0 欣赏风景，回复3点精力！
--- 回合结束 ---
玩家 AI0回合结束
--- 回合开始 ---
>>> 等待玩家掷骰子
AI1 掷出了 12 点
>>> 等待玩家移动
AI1 精力变动: -2。当前精力: 1。原因: 移动消耗
AI1 移动完毕。
>>> 等待玩家行动
AI1 精力变动: 3。当前精力: 4。原因: 看风景
AI1 积分点 250。当前积分点: 1500。原因: 职业技能：旅行博主
AI1 欣赏风景，回复3点精力，获得250积分点！
--- 回合结束 ---
玩家 AI1回合结束
--- 回合开始 ---
>>> 等待玩家掷骰子
AI0 掷出了 11 点
>>> 等待玩家移动
AI0 精力变动: -2。当前精力: 2。原因: 移动消耗
AI0 移动完毕。
>>> 等待玩家行动
AI0 积分点 -150。当前积分点: 200。原因: 购买食物
AI0 精力变动: 2。当前精力: 4。原因: 食物：官渡五香豆腐干
--- 回合结束 ---
玩家 AI0回合结束
--- 回合开始 ---
>>> 等待玩家掷骰子
AI1 掷出了 5 点
>>> 等待玩家移动
AI1 精力变动: -2。当前精力: 2。原因: 移动消耗
AI1 移动完毕。
>>> 等待玩家行动
AI1 精力变动: -1。当前精力: 1。原因: 收集非遗
AI1 在 [咸宁] 获得了非遗牌：【提琴戏】
--- 回合结束 ---
玩家 AI1回合结束
--- 回合开始 ---
>>> 等待玩家掷骰子
AI0 掷出了 7 点
>>> 等待玩家移动
AI0 精力变动: -2。当前精力: 2。原因: 移动消耗
AI0 移动完毕。
>>> 等待玩家行动
AI0 积分点 -150。当前积分点: 50。原因: 购买食物
AI0 精力变动: 2。当前精力: 4。原因: 食物：矮子馅饼
--- 回合结束 ---
玩家 AI0回合结束
--- 回合开始 ---
>>> 等待玩家掷骰子
AI1 掷出了 10 点
>>> 等待玩家移动
AI1 精力变动: -1。当前精力: 0。原因: 移动消耗
AI1 移动完毕。
>>> 等待玩家行动
AI1 精力变动: 3。当前精力: 3。原因: 看风景
AI1 积分点 250。当前积分点: 1750。原因: 职业技能：旅行博主
AI1 欣赏风景，回复3点精力，获得250积分点！
AI1 精力变动: -1。当前精力: 2。原因: 传承任务：提琴戏
--- 回合结束 ---
玩家 AI1回合结束
--- 回合开始 ---
>>> 等待玩家掷骰子
AI0 掷出了 4 点
>>> 等待玩家移动
AI0 精力变动: -1。当前精力: 3。原因: 移动消耗
AI0 移动完毕。
AI0 精力变动: -1。当前精力: 2。原因: 移动消耗
AI0 移动完毕。
>>> 等待玩家行动
AI0 精力变动: 3。当前精力: 5。原因: 看风景
AI0 欣赏风景，回复3点精力！
--- 回合结束 ---
玩家 AI0回合结束
--- 回合开始 ---
>>> 等待玩家掷骰子
AI1 掷出了 6 点
>>> 等待玩家移动
AI1 精力变动: -1。当前精力: 1。原因: 移动消耗
AI1 移动完毕。
>>> 等待玩家行动
AI1 精力变动: 3。当前精力: 4。原因: 看风景
AI1 积分点 250。当前积分点: 2000。原因: 职业技能：旅行博主
AI1 欣赏风景，回复3点精力，获得250积分点！
--- 回合结束 ---
玩家 AI1回合结束
--- 回合开始 ---
>>> 等待玩家掷骰子
AI0 掷出了 8 点
>>> 等待玩家移动
AI0 精力变动: -1。当前精力: 4。原因: 移动消耗
AI0 移动完毕。
>>> 等待玩家行动
AI0 精力变动: -1。当前精力: 3。原因: 收集非遗
AI0 在 [鄂州] 获得了非遗牌：【牌子锣】
执行了非遗牌效果：牌子锣
AI0 积分点 500。当前积分点: 550。原因: 使用民间音乐类非遗牌
--- 回合结束 ---
玩家 AI0回合结束
--- 回合开始 ---
>>> 等待玩家掷骰子
AI1 掷出了 9 点
>>> 等待玩家移动
AI1 精力变动: -2。当前精力: 2。原因: 移动消耗
AI1 移动完毕。
>>> 等待玩家行动
AI1 精力变动: -1。当前精力: 1。原因: 收集非遗
AI1 在 [鄂州] 获得了非遗牌：【鄂州雕花剪纸】
AI1 精力变动: -1。当前精力: 0。原因: 传承任务：鄂州雕花剪纸
--- 回合结束 ---
玩家 AI1回合结束
玩家 AI1体力耗尽，被淘汰！
AI_MATCH {"baseline":-1,"completed":true,"decision_times_us":[3456,3516,3649,3652,3867,3907,3920,3936,3949,3954,3988,4033,4054,4085,4191,4387,4555,4559,4681,4753,4770,4817,4832,4839,4850,4883,4917,5029,5108,5194,5194,5214,5372,5421,5457,5604,5631,5739,5756,5780,5851,6049,6150,6163,6175,6246,6329,6408,6550,6649,6804,6841,6936,6945,6946,6964,7082,7083,7124,7263,7342,7535,7543,7588,7618,7708,7822,7847,7893,7952,8111,8166,8271,8282,8285,8436,8700,8736,9092,9221,9231,9238,9291,9351,9377,9600,9623,9696,9792,9844,10101,10375,10432,10574,10636,10668,10738,10758,10925,11120,11242,11553,12089,12116,13229,13518,13681,13964,14473,15579,17185,19823,19944,22179],"diagnostics":[],"difficulties":[0,2],"difficulty":1,"elapsed_ms":1632,"end_reason":0,"final_players":[{"alive":true,"energy":3,"event_count":0,"food_count":0,"heritage":[{"category":6,"effective":true,"id":-9223371920504781021,"name":"天门糖塑","region":10,"score":5,"sell_price":0,"type":"heritage"},{"category":2,"effective":true,"id":-9223371888040868043,"name":"天门民歌","region":10,"score":1,"sell_price":300,"type":"heritage"}],"id":0,"money":550,"position":"(17, -19, 2)","profession":2,"score":10,"skill_enabled":true,"statuses":{"free_move_phases":0,"scenery_banned":0,"skip_action":0,"skip_moving":0,"work_banned":0}},{"alive":false,"energy":0,"event_count":0,"food_count":0,"heritage":[{"category":6,"effective":true,"id":-9223371865609730067,"name":"夏氏炼丹术及其祖传秘方","region":4,"score":5,"sell_price":0,"type":"heritage"},{"category":2,"effective":true,"id":-9223371891983514112,"name":"仙桃雕花剪纸","region":12,"score":1,"sell_price":300,"type":"heritage"},{"category":6,"effective":true,"id":-9223371891815741951,"name":"荆州花鼓戏","region":12,"score":5,"sell_price":0,"type":"heritage"},{"category":6,"effective":true,"id":-9223371888426744014,"name":"提琴戏","region":13,"score":5,"sell_price":0,"type":"heritage"},{"category":6,"effective":true,"id":-9223371862958929917,"name":"鄂州雕花剪纸","region":0,"score":5,"sell_price":0,"type":"heritage"}],"id":1,"money":2000,"position":"(16, -18, 2)","profession":4,"score":34,"skill_enabled":true,"statuses":{"free_move_phases":0,"scenery_banned":0,"skip_action":0,"skip_moving":0,"work_banned":0}}],"index":240,"interaction":{},"locations":["十堰","随州"],"modals":{"depth":0,"owners":[],"resume_phase":0,"resume_time":0.0,"session_generation":-1,"tree_pause_depth":0,"tree_pause_owners":[],"tree_pause_restore_state":false,"tree_paused":true,"turn_epoch":-1},"p95_us":14473,"phase":4,"players":2,"professions":["探险博主","旅行博主"],"result_entry_count":2,"seed":2930137,"steps":186,"target":30,"turns":24,"unified_chance":true,"winner_seats":[1]}
已加载地区 [仙桃] 非遗牌库，共 2 张
已加载地区 [十堰] 非遗牌库，共 7 张
已加载地区 [咸宁] 非遗牌库，共 1 张
已加载地区 [天门] 非遗牌库，共 2 张
已加载地区 [孝感] 非遗牌库，共 5 张
已加载地区 [宜昌] 非遗牌库，共 16 张
已加载地区 [恩施] 非遗牌库，共 12 张
已加载地区 [武汉] 非遗牌库，共 11 张
已加载地区 [潜江] 非遗牌库，共 2 张
已加载地区 [神农架] 非遗牌库，共 2 张
已加载地区 [荆州] 非遗牌库，共 7 张
已加载地区 [荆门] 非遗牌库，共 1 张
已加载地区 [襄阳] 非遗牌库，共 4 张
已加载地区 [鄂州] 非遗牌库，共 2 张
已加载地区 [随州] 非遗牌库，共 2 张
已加载地区 [黄冈] 非遗牌库，共 7 张
已加载地区 [黄石] 非遗牌库，共 4 张
地图已成功嵌入 HUD 视口中！
AI0已挂载到地图
AI1已挂载到地图
--- 回合开始 ---
>>> 等待玩家掷骰子
AI0 掷出了 7 点
>>> 等待玩家移动
AI0 精力变动: -4。当前精力: 2。原因: 移动消耗
AI0 移动完毕。
>>> 等待玩家行动
AI0 积分点 -250。当前积分点: 250。原因: 购买食物
AI0 积分点 -250。当前积分点: 0。原因: 购买食物
AI0 精力变动: 2。当前精力: 4。原因: 食物：皮条鳝鱼
--- 回合结束 ---
玩家 AI0回合结束
--- 回合开始 ---
>>> 等待玩家掷骰子
AI1 掷出了 5 点
>>> 等待玩家移动
AI1 精力变动: -5。当前精力: 1。原因: 移动消耗
AI1 移动完毕。
>>> 等待玩家行动
AI1 积分点 -250。当前积分点: 250。原因: 购买食物
AI1 精力变动: 3。当前精力: 4。原因: 食物：沙窝豆丝
--- 回合结束 ---
玩家 AI1回合结束
--- 回合开始 ---
AI0 精力变动: 1。当前精力: 5。原因: 食物：皮条鳝鱼（竹节鳝鱼）
>>> 等待玩家掷骰子
AI0 掷出了 10 点
>>> 等待玩家移动
AI0 精力变动: -2。当前精力: 3。原因: 移动消耗
AI0 移动完毕。
>>> 等待玩家行动
AI0 精力变动: 4。当前精力: 7。原因: 食物：通山包坨
AI0 精力变动: -1。当前精力: 6。原因: 收集非遗
AI0 在 [神农架] 获得了非遗牌：【黑暗传】
--- 回合结束 ---
玩家 AI0回合结束
--- 回合开始 ---
>>> 等待玩家掷骰子
AI1 掷出了 8 点
>>> 等待玩家移动
AI1 精力变动: -3。当前精力: 1。原因: 移动消耗
AI1 移动完毕。
>>> 等待玩家行动
AI1 积分点 -150。当前积分点: 100。原因: 购买食物
AI1 精力变动: 2。当前精力: 3。原因: 食物：官渡五香豆腐干
--- 回合结束 ---
玩家 AI1回合结束
--- 回合开始 ---
AI0 精力变动: 1。当前精力: 7。原因: 食物：皮条鳝鱼（竹节鳝鱼）
>>> 等待玩家掷骰子
AI0 掷出了 8 点
>>> 等待玩家移动
>>> 等待玩家行动
AI0 精力变动: -1。当前精力: 6。原因: 收集非遗
AI0 在 [神农架] 获得了非遗牌：【炎帝神农传说】
AI0 精力变动: -1。当前精力: 5。原因: 传承任务：炎帝神农传说
--- 回合结束 ---
玩家 AI0回合结束
--- 回合开始 ---
>>> 等待玩家掷骰子
AI1 掷出了 11 点
>>> 等待玩家移动
AI1 精力变动: -1。当前精力: 2。原因: 移动消耗
AI1 移动完毕。
>>> 等待玩家行动
AI1 精力变动: 3。当前精力: 5。原因: 看风景
AI1 积分点 250。当前积分点: 350。原因: 职业技能：旅行博主
AI1 欣赏风景，回复3点精力，获得250积分点！
--- 回合结束 ---
玩家 AI1回合结束
--- 回合开始 ---
>>> 等待玩家掷骰子
AI0 掷出了 7 点
>>> 等待玩家移动
AI0 精力变动: -3。当前精力: 2。原因: 移动消耗
AI0 移动完毕。
>>> 等待玩家行动
AI0 精力变动: 3。当前精力: 5。原因: 看风景
AI0 欣赏风景，回复3点精力！
--- 回合结束 ---
玩家 AI0回合结束
--- 回合开始 ---
>>> 等待玩家掷骰子
AI1 掷出了 8 点
>>> 等待玩家移动
AI1 精力变动: -3。当前精力: 2。原因: 移动消耗
AI1 移动完毕。
>>> 等待玩家行动
AI1 积分点 -150。当前积分点: 200。原因: 购买食物
AI1 积分点 -150。当前积分点: 50。原因: 购买食物
AI1 精力变动: 2。当前精力: 4。原因: 食物：矮子馅饼
--- 回合结束 ---
玩家 AI1回合结束
--- 回合开始 ---
>>> 等待玩家掷骰子
AI0 掷出了 10 点
>>> 等待玩家移动
AI0 精力变动: -1。当前精力: 4。原因: 移动消耗
AI0 移动完毕。
>>> 等待玩家行动
AI0 精力变动: -1。当前精力: 3。原因: 收集非遗
AI0 在 [宜昌] 获得了非遗牌：【宜昌薅草锣鼓】
执行了非遗牌效果：宜昌薅草锣鼓
AI0 积分点 500。当前积分点: 500。原因: 使用民间音乐类非遗牌
--- 回合结束 ---
玩家 AI0回合结束
--- 回合开始 ---
>>> 等待玩家掷骰子
AI1 掷出了 7 点
>>> 等待玩家移动
AI1 精力变动: -2。当前精力: 2。原因: 移动消耗
AI1 移动完毕。
>>> 等待玩家行动
AI1 精力变动: 2。当前精力: 4。原因: 食物：格格
AI1 精力变动: -1。当前精力: 3。原因: 收集非遗
AI1 在 [宜昌] 获得了非遗牌：【土家族打溜子】
执行了非遗牌效果：土家族打溜子
AI1 积分点 500。当前积分点: 550。原因: 使用民间音乐类非遗牌
--- 回合结束 ---
玩家 AI1回合结束
--- 回合开始 ---
>>> 等待玩家掷骰子
AI0 掷出了 7 点
>>> 等待玩家移动
AI0 精力变动: -1。当前精力: 2。原因: 移动消耗
AI0 移动完毕。
>>> 等待玩家行动
AI0 积分点 -150。当前积分点: 350。原因: 购买食物
AI0 积分点 -150。当前积分点: 200。原因: 购买食物
AI0 精力变动: 2。当前精力: 4。原因: 食物：精武鸭脖
--- 回合结束 ---
玩家 AI0回合结束
--- 回合开始 ---
>>> 等待玩家掷骰子
AI1 掷出了 6 点
>>> 等待玩家移动
AI1 精力变动: -2。当前精力: 1。原因: 移动消耗
AI1 移动完毕。
>>> 等待玩家行动
AI1 积分点 -150。当前积分点: 400。原因: 购买食物
AI1 积分点 -150。当前积分点: 250。原因: 购买食物
AI1 精力变动: 2。当前精力: 3。原因: 食物：松花皮蛋
--- 回合结束 ---
玩家 AI1回合结束
--- 回合开始 ---
>>> 等待玩家掷骰子
AI0 掷出了 4 点
>>> 等待玩家移动
AI0 精力变动: -1。当前精力: 3。原因: 移动消耗
AI0 移动完毕。
>>> 等待玩家行动
AI0 精力变动: 2。当前精力: 5。原因: 食物：广水滑肉
AI0 精力变动: -1。当前精力: 4。原因: 收集非遗
AI0 在 [宜昌] 获得了非遗牌：【枝江民间吹打乐】
执行了非遗牌效果：枝江民间吹打乐
AI0 积分点 500。当前积分点: 700。原因: 使用民间音乐类非遗牌
--- 回合结束 ---
玩家 AI0回合结束
--- 回合开始 ---
>>> 等待玩家掷骰子
AI1 掷出了 10 点
>>> 等待玩家移动
AI1 精力变动: -1。当前精力: 2。原因: 移动消耗
AI1 移动完毕。
>>> 等待玩家行动
AI1 精力变动: 2。当前精力: 4。原因: 食物：蒿子粑粑
AI1 精力变动: -1。当前精力: 3。原因: 收集非遗
AI1 在 [宜昌] 获得了非遗牌：【兴山民歌】
AI1 精力变动: -1。当前精力: 2。原因: 传承任务：兴山民歌
--- 回合结束 ---
玩家 AI1回合结束
--- 回合开始 ---
>>> 等待玩家掷骰子
AI0 掷出了 8 点
>>> 等待玩家移动
AI0 精力变动: -1。当前精力: 3。原因: 移动消耗
AI0 移动完毕。
>>> 等待玩家行动
AI0 精力变动: -1。当前精力: 2。原因: 收集非遗
AI0 在 [宜昌] 获得了非遗牌：【屈原故里端午习俗】
AI0 精力变动: 3。当前精力: 5。原因: 获得节日庆典类非遗牌
AI0 积分点 500。当前积分点: 1200。原因: 获得节日庆典类非遗牌
--- 回合结束 ---
玩家 AI0回合结束
--- 回合开始 ---
>>> 等待玩家掷骰子
AI1 掷出了 12 点
>>> 等待玩家移动
AI1 精力变动: -1。当前精力: 1。原因: 移动消耗
AI1 移动完毕。
>>> 等待玩家行动
AI1 积分点 -250。当前积分点: 0。原因: 购买食物
AI1 精力变动: 1。当前精力: 2。原因: 食物：天门三蒸
AI1 精力变动: -1。当前精力: 1。原因: 传承任务：兴山民歌
--- 回合结束 ---
玩家 AI1回合结束
--- 回合开始 ---
>>> 等待玩家掷骰子
AI0 掷出了 11 点
>>> 等待玩家移动
>>> 等待玩家行动
AI0 精力变动: -1。当前精力: 4。原因: 收集非遗
AI0 在 [宜昌] 获得了非遗牌：【南曲】
执行了非遗牌效果：南曲
AI0 精力变动: 3。当前精力: 7。原因: 使用戏曲表演类非遗牌
--- 回合结束 ---
玩家 AI0回合结束
--- 回合开始 ---
>>> 等待玩家掷骰子
AI1 掷出了 5 点
>>> 等待玩家移动
>>> 等待玩家行动
--- 回合结束 ---
玩家 AI1回合结束
--- 回合开始 ---
>>> 等待玩家掷骰子
AI0 掷出了 7 点
>>> 等待玩家移动
>>> 等待玩家行动
AI0 精力变动: -1。当前精力: 6。原因: 收集非遗
AI0 在 [宜昌] 获得了非遗牌：【王昭君传说】
--- 回合结束 ---
玩家 AI0回合结束
--- 回合开始 ---
>>> 等待玩家掷骰子
AI1 掷出了 10 点
>>> 等待玩家移动
AI1 移动完毕。
AI1 移动完毕。
AI1 移动完毕。
AI1 移动完毕。
>>> 等待玩家行动
--- 回合结束 ---
玩家 AI1回合结束
--- 回合开始 ---
>>> 等待玩家掷骰子
AI0 掷出了 4 点
>>> 等待玩家移动
>>> 等待玩家行动
AI0 精力变动: -1。当前精力: 5。原因: 收集非遗
AI0 在 [宜昌] 获得了非遗牌：【土家族撒叶儿嗬】
AI0 精力变动: -1。当前精力: 4。原因: 传承任务：土家族撒叶儿嗬
--- 回合结束 ---
玩家 AI0回合结束
--- 回合开始 ---
>>> 等待玩家掷骰子
AI1 掷出了 6 点
>>> 等待玩家移动
AI1 移动完毕。
AI1 移动完毕。
AI1 移动完毕。
>>> 等待玩家行动
AI1 精力变动: 3。当前精力: 4。原因: 看风景
AI1 积分点 250。当前积分点: 250。原因: 职业技能：旅行博主
AI1 欣赏风景，回复3点精力，获得250积分点！
--- 回合结束 ---
玩家 AI1回合结束
--- 回合开始 ---
>>> 等待玩家掷骰子
AI0 掷出了 8 点
>>> 等待玩家移动
>>> 等待玩家行动
AI0 精力变动: -1。当前精力: 3。原因: 收集非遗
AI0 在 [宜昌] 获得了非遗牌：【当阳关陵庙会】
AI0 精力变动: 3。当前精力: 6。原因: 获得节日庆典类非遗牌
AI0 积分点 500。当前积分点: 1700。原因: 获得节日庆典类非遗牌
--- 回合结束 ---
玩家 AI0回合结束
--- 回合开始 ---
>>> 等待玩家掷骰子
AI1 掷出了 9 点
>>> 等待玩家移动
AI1 精力变动: -2。当前精力: 2。原因: 移动消耗
AI1 移动完毕。
>>> 等待玩家行动
AI1 积分点 -150。当前积分点: 100。原因: 购买食物
AI1 精力变动: 2。当前精力: 4。原因: 食物：孔明菜
--- 回合结束 ---
玩家 AI1回合结束
--- 回合开始 ---
>>> 等待玩家掷骰子
AI0 掷出了 8 点
>>> 等待玩家移动
AI0 精力变动: -3。当前精力: 3。原因: 移动消耗
AI0 移动完毕。
>>> 等待玩家行动
AI0 积分点 -250。当前积分点: 1450。原因: 购买食物
AI0 积分点 -150。当前积分点: 1300。原因: 购买食物
AI0 积分点 -250。当前积分点: 1050。原因: 购买食物
--- 回合结束 ---
玩家 AI0回合结束
--- 回合开始 ---
>>> 等待玩家掷骰子
AI1 掷出了 5 点
>>> 等待玩家移动
AI1 精力变动: -1。当前精力: 3。原因: 移动消耗
AI1 移动完毕。
>>> 等待玩家行动
AI1 精力变动: -1。当前精力: 2。原因: 收集非遗
AI1 在 [武汉] 获得了非遗牌：【木兰传说】
--- 回合结束 ---
玩家 AI1回合结束
--- 回合开始 ---
>>> 等待玩家掷骰子
AI0 掷出了 9 点
>>> 等待玩家移动
AI0 移动完毕。
>>> 等待玩家行动
AI0 精力变动: 3。当前精力: 6。原因: 食物：东坡饼
AI0 精力变动: -1。当前精力: 5。原因: 收集非遗
AI0 在 [宜昌] 获得了非遗牌：【宜昌丝竹】
--- 回合结束 ---
玩家 AI0回合结束
--- 回合开始 ---
>>> 等待玩家掷骰子
AI1 掷出了 7 点
>>> 等待玩家移动
AI1 移动完毕。
>>> 等待玩家行动
AI1 精力变动: 3。当前精力: 5。原因: 看风景
AI1 积分点 250。当前积分点: 350。原因: 职业技能：旅行博主
AI1 欣赏风景，回复3点精力，获得250积分点！
--- 回合结束 ---
玩家 AI1回合结束
--- 回合开始 ---
>>> 等待玩家掷骰子
AI0 掷出了 8 点
>>> 等待玩家移动
>>> 等待玩家行动
AI0 精力变动: 2。当前精力: 7。原因: 食物：神豆腐
AI0 精力变动: -1。当前精力: 6。原因: 收集非遗
AI0 在 [恩施] 获得了非遗牌：【土家族摆手舞】
--- 回合结束 ---
玩家 AI0回合结束
AI_MATCH {"baseline":-1,"completed":true,"decision_times_us":[3335,3402,3413,3415,3426,3443,3495,3563,3571,3599,3604,3605,3610,3627,3638,3639,3654,3657,3663,3680,3728,3736,3740,3750,3758,3786,3792,3863,3884,3889,3914,3922,3933,3947,3978,4076,4222,4240,4273,4291,4376,4413,4553,4624,4641,4801,4876,4931,4945,4960,5028,5042,5091,5207,5262,5529,5556,5651,5743,5783,5818,5855,5885,5887,5895,5912,5933,5935,5960,5963,5991,6075,6129,6135,6150,6163,6190,6202,6250,6262,6270,6311,6375,6378,6432,6470,6482,6487,6515,6537,6568,6570,6571,6704,6789,6895,7026,7135,7465,7494,7592,7632,7777,7794,7797,7853,7907,7919,7946,7966,8030,8154,8188,8214,8341,8371,8804,9069,9081,9125,9158,9234,9251,9292,9354,9370,9751,9933,10321,10507,10736,11037,11134,11187,11216,11366,11659,11743,11825,12192,12912,14005,14043,14087,14218,14757,15241,15475,15864,16369,18956,20457,23780,25469,25931,34134],"diagnostics":[],"difficulties":[2,0],"difficulty":1,"elapsed_ms":1985,"end_reason":0,"final_players":[{"alive":true,"energy":6,"event_count":0,"food_count":0,"heritage":[{"category":3,"effective":true,"id":-9223371868998727727,"name":"黑暗传","region":7,"score":2,"sell_price":350,"type":"heritage"},{"category":6,"effective":true,"id":-9223371869367826482,"name":"炎帝神农传说","region":7,"score":5,"sell_price":0,"type":"heritage"},{"category":4,"effective":true,"id":-9223371882420500637,"name":"屈原故里端午习俗","region":16,"score":3,"sell_price":400,"type":"heritage"},{"category":3,"effective":true,"id":-9223371881313204372,"name":"王昭君传说","region":16,"score":2,"sell_price":350,"type":"heritage"},{"category":6,"effective":true,"id":-9223371883896895657,"name":"土家族撒叶儿嗬","region":16,"score":5,"sell_price":0,"type":"heritage"},{"category":4,"effective":true,"id":-9223371882051401882,"name":"当阳关陵庙会","region":16,"score":3,"sell_price":400,"type":"heritage"},{"category":1,"effective":true,"id":-9223371883527796902,"name":"宜昌丝竹","region":16,"score":0,"sell_price":250,"type":"heritage"},{"category":0,"effective":true,"id":-9223371878142310522,"name":"土家族摆手舞","region":1,"score":0,"sell_price":250,"type":"heritage"}],"id":0,"money":1050,"position":"(2, -9, 7)","profession":2,"score":32,"skill_enabled":true,"statuses":{"free_move_phases":0,"scenery_banned":0,"skip_action":0,"skip_moving":0,"work_banned":0}},{"alive":true,"energy":5,"event_count":0,"food_count":0,"heritage":[{"category":6,"effective":true,"id":-9223371885004191922,"name":"兴山民歌","region":16,"score":5,"sell_price":0,"type":"heritage"},{"category":3,"effective":true,"id":-9223371874602317917,"name":"木兰传说","region":11,"score":2,"sell_price":350,"type":"heritage"}],"id":1,"money":350,"position":"(15, -16, 1)","profession":4,"score":9,"skill_enabled":true,"statuses":{"free_move_phases":0,"scenery_banned":0,"skip_action":0,"skip_moving":0,"work_banned":0}}],"index":241,"interaction":{},"locations":["十堰","随州"],"modals":{"depth":0,"owners":[],"resume_phase":0,"resume_time":0.0,"session_generation":-1,"tree_pause_depth":0,"tree_pause_owners":[],"tree_pause_restore_state":false,"tree_paused":true,"turn_epoch":-1},"p95_us":15864,"phase":4,"players":2,"professions":["探险博主","旅行博主"],"result_entry_count":2,"seed":2930137,"steps":244,"target":30,"turns":29,"unified_chance":true,"winner_seats":[0]}
