Godot Engine v4.7.2.stable.official.ed1daf0bf - https://godotengine.org

已加载地区 [仙桃] 非遗牌库，共 2 张
已加载地区 [十堰] 非遗牌库，共 7 张
已加载地区 [咸宁] 非遗牌库，共 1 张
已加载地区 [天门] 非遗牌库，共 2 张
已加载地区 [孝感] 非遗牌库，共 5 张
已加载地区 [宜昌] 非遗牌库，共 16 张
已加载地区 [恩施] 非遗牌库，共 12 张
已加载地区 [武汉] 非遗牌库，共 11 张
已加载地区 [潜江] 非遗牌库，共 2 张
已加载地区 [神农架] 非遗牌库，共 2 张
已加载地区 [荆州] 非遗牌库，共 7 张
已加载地区 [荆门] 非遗牌库，共 1 张
已加载地区 [襄阳] 非遗牌库，共 4 张
已加载地区 [鄂州] 非遗牌库，共 2 张
已加载地区 [随州] 非遗牌库，共 2 张
已加载地区 [黄冈] 非遗牌库，共 7 张
已加载地区 [黄石] 非遗牌库，共 4 张
已加载地区 [仙桃] 非遗牌库，共 2 张
已加载地区 [十堰] 非遗牌库，共 7 张
已加载地区 [咸宁] 非遗牌库，共 1 张
已加载地区 [天门] 非遗牌库，共 2 张
已加载地区 [孝感] 非遗牌库，共 5 张
已加载地区 [宜昌] 非遗牌库，共 16 张
已加载地区 [恩施] 非遗牌库，共 12 张
已加载地区 [武汉] 非遗牌库，共 11 张
已加载地区 [潜江] 非遗牌库，共 2 张
已加载地区 [神农架] 非遗牌库，共 2 张
已加载地区 [荆州] 非遗牌库，共 7 张
已加载地区 [荆门] 非遗牌库，共 1 张
已加载地区 [襄阳] 非遗牌库，共 4 张
已加载地区 [鄂州] 非遗牌库，共 2 张
已加载地区 [随州] 非遗牌库，共 2 张
已加载地区 [黄冈] 非遗牌库，共 7 张
已加载地区 [黄石] 非遗牌库，共 4 张
地图已成功嵌入 HUD 视口中！
AI0已挂载到地图
AI1已挂载到地图
--- 回合开始 ---
>>> 等待玩家掷骰子
AI0 掷出了 7 点
>>> 等待玩家移动
AI0 精力变动: -5。当前精力: 1。原因: 移动消耗
AI0 移动完毕。
>>> 等待玩家行动
AI0 积分点 -250。当前积分点: 250。原因: 购买食物
AI0 积分点 -250。当前积分点: 0。原因: 购买食物
AI0 精力变动: 2。当前精力: 3。原因: 食物：皮条鳝鱼
--- 回合结束 ---
玩家 AI0回合结束
--- 回合开始 ---
>>> 等待玩家掷骰子
AI1 掷出了 5 点
>>> 等待玩家移动
AI1 精力变动: -5。当前精力: 1。原因: 移动消耗
AI1 移动完毕。
>>> 等待玩家行动
AI1 积分点 -250。当前积分点: 250。原因: 购买食物
AI1 精力变动: 3。当前精力: 4。原因: 食物：沙窝豆丝
--- 回合结束 ---
玩家 AI1回合结束
--- 回合开始 ---
AI0 精力变动: 1。当前精力: 4。原因: 食物：皮条鳝鱼（竹节鳝鱼）
>>> 等待玩家掷骰子
AI0 掷出了 10 点
>>> 等待玩家移动
AI0 精力变动: -2。当前精力: 2。原因: 移动消耗
AI0 移动完毕。
>>> 等待玩家行动
AI0 精力变动: 4。当前精力: 6。原因: 食物：通山包坨
AI0 精力变动: -1。当前精力: 5。原因: 收集非遗
AI0 在 [神农架] 获得了非遗牌：【黑暗传】
--- 回合结束 ---
玩家 AI0回合结束
--- 回合开始 ---
>>> 等待玩家掷骰子
AI1 掷出了 8 点
>>> 等待玩家移动
AI1 精力变动: -3。当前精力: 1。原因: 移动消耗
AI1 移动完毕。
>>> 等待玩家行动
AI1 积分点 -150。当前积分点: 100。原因: 购买食物
AI1 精力变动: 2。当前精力: 3。原因: 食物：官渡五香豆腐干
--- 回合结束 ---
玩家 AI1回合结束
--- 回合开始 ---
AI0 精力变动: 1。当前精力: 6。原因: 食物：皮条鳝鱼（竹节鳝鱼）
>>> 等待玩家掷骰子
AI0 掷出了 8 点
>>> 等待玩家移动
>>> 等待玩家行动
AI0 精力变动: -1。当前精力: 5。原因: 收集非遗
AI0 在 [神农架] 获得了非遗牌：【炎帝神农传说】
AI0 精力变动: -1。当前精力: 4。原因: 传承任务：炎帝神农传说
--- 回合结束 ---
玩家 AI0回合结束
--- 回合开始 ---
>>> 等待玩家掷骰子
AI1 掷出了 11 点
>>> 等待玩家移动
AI1 精力变动: -1。当前精力: 2。原因: 移动消耗
AI1 移动完毕。
>>> 等待玩家行动
AI1 精力变动: 3。当前精力: 5。原因: 看风景
AI1 积分点 250。当前积分点: 350。原因: 职业技能：旅行博主
AI1 欣赏风景，回复3点精力，获得250积分点！
--- 回合结束 ---
玩家 AI1回合结束
--- 回合开始 ---
>>> 等待玩家掷骰子
AI0 掷出了 7 点
>>> 等待玩家移动
>>> 等待玩家行动
AI0 精力变动: 3。当前精力: 7。原因: 看风景
AI0 欣赏风景，回复3点精力！
--- 回合结束 ---
玩家 AI0回合结束
--- 回合开始 ---
>>> 等待玩家掷骰子
AI1 掷出了 8 点
>>> 等待玩家移动
AI1 精力变动: -3。当前精力: 2。原因: 移动消耗
AI1 移动完毕。
>>> 等待玩家行动
AI1 积分点 -150。当前积分点: 200。原因: 购买食物
AI1 积分点 -150。当前积分点: 50。原因: 购买食物
AI1 精力变动: 2。当前精力: 4。原因: 食物：矮子馅饼
--- 回合结束 ---
玩家 AI1回合结束
--- 回合开始 ---
>>> 等待玩家掷骰子
AI0 掷出了 10 点
>>> 等待玩家移动
AI0 精力变动: -2。当前精力: 5。原因: 移动消耗
AI0 移动完毕。
>>> 等待玩家行动
AI0 精力变动: -1。当前精力: 4。原因: 收集非遗
AI0 在 [襄阳] 获得了非遗牌：【唢呐艺术】
执行了非遗牌效果：唢呐艺术
AI0 积分点 500。当前积分点: 500。原因: 使用民间音乐类非遗牌
--- 回合结束 ---
玩家 AI0回合结束
--- 回合开始 ---
>>> 等待玩家掷骰子
AI1 掷出了 7 点
>>> 等待玩家移动
AI1 精力变动: -2。当前精力: 2。原因: 移动消耗
AI1 移动完毕。
>>> 等待玩家行动
AI1 精力变动: 2。当前精力: 4。原因: 食物：格格
AI1 精力变动: -1。当前精力: 3。原因: 收集非遗
AI1 在 [宜昌] 获得了非遗牌：【宜昌薅草锣鼓】
执行了非遗牌效果：宜昌薅草锣鼓
AI1 积分点 500。当前积分点: 550。原因: 使用民间音乐类非遗牌
--- 回合结束 ---
玩家 AI1回合结束
--- 回合开始 ---
>>> 等待玩家掷骰子
AI0 掷出了 7 点
>>> 等待玩家移动
>>> 等待玩家行动
AI0 精力变动: -1。当前精力: 3。原因: 收集非遗
AI0 在 [襄阳] 获得了非遗牌：【老河口丝弦】
AI0 精力变动: -1。当前精力: 2。原因: 传承任务：老河口丝弦
--- 回合结束 ---
玩家 AI0回合结束
--- 回合开始 ---
>>> 等待玩家掷骰子
AI1 掷出了 6 点
>>> 等待玩家移动
AI1 精力变动: -2。当前精力: 1。原因: 移动消耗
AI1 移动完毕。
>>> 等待玩家行动
AI1 积分点 -150。当前积分点: 400。原因: 购买食物
AI1 积分点 -150。当前积分点: 250。原因: 购买食物
AI1 精力变动: 2。当前精力: 3。原因: 食物：精武鸭脖
--- 回合结束 ---
玩家 AI1回合结束
--- 回合开始 ---
>>> 等待玩家掷骰子
AI0 掷出了 4 点
>>> 等待玩家移动
AI0 精力变动: -2。当前精力: 0。原因: 移动消耗
AI0 移动完毕。
>>> 等待玩家行动
AI0 精力变动: 3。当前精力: 3。原因: 看风景
AI0 欣赏风景，回复3点精力！
AI0 精力变动: -1。当前精力: 2。原因: 传承任务：老河口丝弦
--- 回合结束 ---
玩家 AI0回合结束
--- 回合开始 ---
>>> 等待玩家掷骰子
AI1 掷出了 10 点
>>> 等待玩家移动
AI1 精力变动: -1。当前精力: 2。原因: 移动消耗
AI1 移动完毕。
>>> 等待玩家行动
AI1 精力变动: 2。当前精力: 4。原因: 食物：广水滑肉
AI1 精力变动: -1。当前精力: 3。原因: 收集非遗
AI1 在 [宜昌] 获得了非遗牌：【土家族打溜子】
执行了非遗牌效果：土家族打溜子
AI1 积分点 500。当前积分点: 750。原因: 使用民间音乐类非遗牌
--- 回合结束 ---
玩家 AI1回合结束
--- 回合开始 ---
>>> 等待玩家掷骰子
AI0 掷出了 8 点
>>> 等待玩家移动
AI0 精力变动: -1。当前精力: 1。原因: 移动消耗
AI0 移动完毕。
>>> 等待玩家行动
AI0 积分点 -150。当前积分点: 350。原因: 购买食物
AI0 积分点 -150。当前积分点: 200。原因: 购买食物
AI0 精力变动: 2。当前精力: 3。原因: 食物：松花皮蛋
--- 回合结束 ---
玩家 AI0回合结束
--- 回合开始 ---
>>> 等待玩家掷骰子
AI1 掷出了 12 点
>>> 等待玩家移动
AI1 精力变动: -1。当前精力: 2。原因: 移动消耗
AI1 移动完毕。
>>> 等待玩家行动
AI1 积分点 -500。当前积分点: 250。原因: 购买食物
AI1 精力变动: 6。当前精力: 8。原因: 食物：荆州鱼糕
--- 回合结束 ---
玩家 AI1回合结束
--- 回合开始 ---
>>> 等待玩家掷骰子
AI0 掷出了 11 点
>>> 等待玩家移动
>>> 等待玩家行动
AI0 精力变动: 2。当前精力: 5。原因: 食物：蒿子粑粑
AI0 精力变动: -1。当前精力: 4。原因: 收集非遗
AI0 在 [襄阳] 获得了非遗牌：【老河口木版年画】
--- 回合结束 ---
玩家 AI0回合结束
--- 回合开始 ---
>>> 等待玩家掷骰子
AI1 掷出了 5 点
>>> 等待玩家移动
AI1 精力变动: -5。当前精力: 3。原因: 移动消耗
AI1 移动完毕。
>>> 等待玩家行动
AI1 积分点 -150。当前积分点: 100。原因: 购买食物
AI1 精力变动: 2。当前精力: 5。原因: 食物：孔明菜
--- 回合结束 ---
玩家 AI1回合结束
--- 回合开始 ---
>>> 等待玩家掷骰子
AI0 掷出了 7 点
>>> 等待玩家移动
>>> 等待玩家行动
AI0 精力变动: -1。当前精力: 3。原因: 收集非遗
AI0 在 [襄阳] 获得了非遗牌：【《黑暗传》】
--- 回合结束 ---
玩家 AI0回合结束
--- 回合开始 ---
>>> 等待玩家掷骰子
AI1 掷出了 10 点
>>> 等待玩家移动
AI1 精力变动: -1。当前精力: 4。原因: 移动消耗
AI1 移动完毕。
>>> 等待玩家行动
AI1 精力变动: -1。当前精力: 3。原因: 收集非遗
AI1 在 [十堰] 获得了非遗牌：【汉调二黄】
执行了非遗牌效果：汉调二黄
AI1 积分点 500。当前积分点: 600。原因: 使用民间音乐类非遗牌
--- 回合结束 ---
玩家 AI1回合结束
--- 回合开始 ---
>>> 等待玩家掷骰子
AI0 掷出了 4 点
>>> 等待玩家移动
AI0 精力变动: -3。当前精力: 0。原因: 移动消耗
AI0 移动完毕。
>>> 等待玩家行动
AI0 精力变动: 3。当前精力: 3。原因: 看风景
AI0 欣赏风景，回复3点精力！
--- 回合结束 ---
玩家 AI0回合结束
--- 回合开始 ---
>>> 等待玩家掷骰子
AI1 掷出了 6 点
>>> 等待玩家移动
AI1 精力变动: -1。当前精力: 2。原因: 移动消耗
AI1 移动完毕。
>>> 等待玩家行动
AI1 积分点 -250。当前积分点: 350。原因: 购买食物
AI1 精力变动: 1。当前精力: 3。原因: 食物：神农架腊肉
--- 回合结束 ---
玩家 AI1回合结束
--- 回合开始 ---
>>> 等待玩家掷骰子
AI0 掷出了 8 点
>>> 等待玩家移动
>>> 等待玩家行动
AI0 精力变动: -1。当前精力: 2。原因: 收集非遗
AI0 在 [十堰] 获得了非遗牌：【吕家河民歌】
执行了非遗牌效果：吕家河民歌
AI0 积分点 500。当前积分点: 700。原因: 使用民间音乐类非遗牌
--- 回合结束 ---
玩家 AI0回合结束
--- 回合开始 ---
AI1 精力变动: 1。当前精力: 4。原因: 食物：神农架腊肉
>>> 等待玩家掷骰子
AI1 掷出了 9 点
>>> 等待玩家移动
AI1 精力变动: -3。当前精力: 1。原因: 移动消耗
AI1 移动完毕。
>>> 等待玩家行动
AI1 积分点 -150。当前积分点: 200。原因: 购买食物
AI1 积分点 -150。当前积分点: 50。原因: 购买食物
AI1 精力变动: 2。当前精力: 3。原因: 食物：神豆腐
--- 回合结束 ---
玩家 AI1回合结束
--- 回合开始 ---
>>> 等待玩家掷骰子
AI0 掷出了 8 点
>>> 等待玩家移动
>>> 等待玩家行动
AI0 精力变动: -1。当前精力: 1。原因: 收集非遗
AI0 在 [十堰] 获得了非遗牌：【伍家沟民间故事】
--- 回合结束 ---
玩家 AI0回合结束
--- 回合开始 ---
AI1 精力变动: 1。当前精力: 4。原因: 食物：神农架腊肉
>>> 等待玩家掷骰子
AI1 掷出了 5 点
>>> 等待玩家移动
AI1 精力变动: -3。当前精力: 1。原因: 移动消耗
AI1 移动完毕。
>>> 等待玩家行动
AI1 精力变动: 2。当前精力: 3。原因: 食物：宜城板鸭
AI1 精力变动: -1。当前精力: 2。原因: 收集非遗
AI1 在 [十堰] 获得了非遗牌：【武当神戏】
执行了非遗牌效果：武当神戏
AI1 精力变动: 3。当前精力: 5。原因: 使用戏曲表演类非遗牌
--- 回合结束 ---
玩家 AI1回合结束
--- 回合开始 ---
>>> 等待玩家掷骰子
AI0 掷出了 9 点
>>> 等待玩家移动
>>> 等待玩家行动
--- 回合结束 ---
玩家 AI0回合结束
--- 回合开始 ---
AI1 精力变动: 1。当前精力: 6。原因: 食物：神农架腊肉
>>> 等待玩家掷骰子
AI1 掷出了 7 点
>>> 等待玩家移动
AI1 精力变动: -1。当前精力: 5。原因: 移动消耗
AI1 移动完毕。
AI1 精力变动: -2。当前精力: 3。原因: 移动消耗
AI1 移动完毕。
AI1 精力变动: -1。当前精力: 2。原因: 移动消耗
AI1 移动完毕。
>>> 等待玩家行动
AI1 精力变动: 3。当前精力: 5。原因: 看风景
AI1 积分点 250。当前积分点: 300。原因: 职业技能：旅行博主
AI1 欣赏风景，回复3点精力，获得250积分点！
--- 回合结束 ---
玩家 AI1回合结束
--- 回合开始 ---
>>> 等待玩家掷骰子
AI0 掷出了 8 点
>>> 等待玩家移动
>>> 等待玩家行动
--- 回合结束 ---
玩家 AI0回合结束
--- 回合开始 ---
AI1 精力变动: 1。当前精力: 6。原因: 食物：神农架腊肉
>>> 等待玩家掷骰子
AI1 掷出了 8 点
>>> 等待玩家移动
AI1 精力变动: -3。当前精力: 3。原因: 移动消耗
AI1 移动完毕。
>>> 等待玩家行动
AI1 积分点 -150。当前积分点: 150。原因: 购买食物
AI1 精力变动: 2。当前精力: 5。原因: 食物：花园红烧肉
--- 回合结束 ---
玩家 AI1回合结束
--- 回合开始 ---
>>> 等待玩家掷骰子
AI0 掷出了 8 点
>>> 等待玩家移动
>>> 等待玩家行动
--- 回合结束 ---
玩家 AI0回合结束
--- 回合开始 ---
>>> 等待玩家掷骰子
AI1 掷出了 7 点
>>> 等待玩家移动
AI1 精力变动: -3。当前精力: 2。原因: 移动消耗
AI1 移动完毕。
>>> 等待玩家行动
AI1 积分点 -150。当前积分点: 0。原因: 购买食物
AI1 精力变动: 2。当前精力: 4。原因: 食物：榨广椒
--- 回合结束 ---
玩家 AI1回合结束
--- 回合开始 ---
>>> 等待玩家掷骰子
AI0 掷出了 8 点
>>> 等待玩家移动
>>> 等待玩家行动
--- 回合结束 ---
玩家 AI0回合结束
--- 回合开始 ---
>>> 等待玩家掷骰子
AI1 掷出了 12 点
>>> 等待玩家移动
AI1 精力变动: -3。当前精力: 1。原因: 移动消耗
AI1 移动完毕。
>>> 等待玩家行动
AI1 精力变动: 3。当前精力: 4。原因: 看风景
AI1 积分点 250。当前积分点: 250。原因: 职业技能：旅行博主
AI1 欣赏风景，回复3点精力，获得250积分点！
--- 回合结束 ---
玩家 AI1回合结束
--- 回合开始 ---
>>> 等待玩家掷骰子
AI0 掷出了 12 点
>>> 等待玩家移动
>>> 等待玩家行动
--- 回合结束 ---
玩家 AI0回合结束
--- 回合开始 ---
>>> 等待玩家掷骰子
AI1 掷出了 7 点
>>> 等待玩家移动
AI1 精力变动: -3。当前精力: 1。原因: 移动消耗
AI1 移动完毕。
>>> 等待玩家行动
AI1 积分点 -250。当前积分点: 0。原因: 购买食物
AI1 精力变动: 2。当前精力: 3。原因: 食物：沔阳三蒸
--- 回合结束 ---
玩家 AI1回合结束
--- 回合开始 ---
>>> 等待玩家掷骰子
AI0 掷出了 10 点
>>> 等待玩家移动
>>> 等待玩家行动
--- 回合结束 ---
玩家 AI0回合结束
--- 回合开始 ---
>>> 等待玩家掷骰子
AI1 掷出了 5 点
>>> 等待玩家移动
AI1 精力变动: -2。当前精力: 1。原因: 移动消耗
AI1 移动完毕。
>>> 等待玩家行动
AI1 精力变动: 3。当前精力: 4。原因: 看风景
AI1 积分点 250。当前积分点: 250。原因: 职业技能：旅行博主
AI1 欣赏风景，回复3点精力，获得250积分点！
--- 回合结束 ---
玩家 AI1回合结束
--- 回合开始 ---
>>> 等待玩家掷骰子
AI0 掷出了 2 点
>>> 等待玩家移动
>>> 等待玩家行动
--- 回合结束 ---
玩家 AI0回合结束
--- 回合开始 ---
>>> 等待玩家掷骰子
AI1 掷出了 8 点
>>> 等待玩家移动
AI1 精力变动: -2。当前精力: 2。原因: 移动消耗
AI1 移动完毕。
>>> 等待玩家行动
AI1 积分点 -150。当前积分点: 100。原因: 购买食物
AI1 精力变动: 2。当前精力: 4。原因: 食物：印子粑
--- 回合结束 ---
玩家 AI1回合结束
--- 回合开始 ---
>>> 等待玩家掷骰子
AI0 掷出了 8 点
>>> 等待玩家移动
>>> 等待玩家行动
--- 回合结束 ---
玩家 AI0回合结束
--- 回合开始 ---
>>> 等待玩家掷骰子
AI1 掷出了 7 点
>>> 等待玩家移动
AI1 精力变动: -3。当前精力: 1。原因: 移动消耗
AI1 移动完毕。
>>> 等待玩家行动
AI1 精力变动: 3。当前精力: 4。原因: 看风景
AI1 积分点 250。当前积分点: 350。原因: 职业技能：旅行博主
AI1 欣赏风景，回复3点精力，获得250积分点！
--- 回合结束 ---
玩家 AI1回合结束
--- 回合开始 ---
>>> 等待玩家掷骰子
AI0 掷出了 5 点
>>> 等待玩家移动
>>> 等待玩家行动
--- 回合结束 ---
玩家 AI0回合结束
--- 回合开始 ---
>>> 等待玩家掷骰子
AI1 掷出了 6 点
>>> 等待玩家移动
AI1 精力变动: -1。当前精力: 3。原因: 移动消耗
AI1 移动完毕。
AI1 精力变动: -1。当前精力: 2。原因: 移动消耗
AI1 移动完毕。
>>> 等待玩家行动
AI1 积分点 -150。当前积分点: 200。原因: 购买食物
AI1 精力变动: 2。当前精力: 4。原因: 食物：随州三鲜
--- 回合结束 ---
玩家 AI1回合结束
--- 回合开始 ---
>>> 等待玩家掷骰子
AI0 掷出了 8 点
>>> 等待玩家移动
>>> 等待玩家行动
--- 回合结束 ---
玩家 AI0回合结束
--- 回合开始 ---
>>> 等待玩家掷骰子
AI1 掷出了 9 点
>>> 等待玩家移动
AI1 移动完毕。
AI1 精力变动: -4。当前精力: 0。原因: 移动消耗
AI1 移动完毕。
>>> 等待玩家行动
AI1 精力变动: 3。当前精力: 3。原因: 看风景
AI1 积分点 250。当前积分点: 450。原因: 职业技能：旅行博主
AI1 欣赏风景，回复3点精力，获得250积分点！
--- 回合结束 ---
玩家 AI1回合结束
--- 回合开始 ---
>>> 等待玩家掷骰子
AI0 掷出了 8 点
>>> 等待玩家移动
>>> 等待玩家行动
--- 回合结束 ---
玩家 AI0回合结束
--- 回合开始 ---
>>> 等待玩家掷骰子
AI1 掷出了 4 点
>>> 等待玩家移动
AI1 精力变动: -2。当前精力: 1。原因: 移动消耗
AI1 移动完毕。
>>> 等待玩家行动
--- 回合结束 ---
玩家 AI1回合结束
--- 回合开始 ---
>>> 等待玩家掷骰子
AI0 掷出了 9 点
>>> 等待玩家移动
>>> 等待玩家行动
--- 回合结束 ---
玩家 AI0回合结束
--- 回合开始 ---
>>> 等待玩家掷骰子
AI1 掷出了 8 点
>>> 等待玩家移动
>>> 等待玩家行动
--- 回合结束 ---
玩家 AI1回合结束
--- 回合开始 ---
>>> 等待玩家掷骰子
AI0 掷出了 5 点
>>> 等待玩家移动
>>> 等待玩家行动
--- 回合结束 ---
玩家 AI0回合结束
--- 回合开始 ---
>>> 等待玩家掷骰子
AI1 掷出了 6 点
>>> 等待玩家移动
>>> 等待玩家行动
--- 回合结束 ---
玩家 AI1回合结束
--- 回合开始 ---
>>> 等待玩家掷骰子
AI0 掷出了 2 点
>>> 等待玩家移动
>>> 等待玩家行动
--- 回合结束 ---
玩家 AI0回合结束
--- 回合开始 ---
>>> 等待玩家掷骰子
AI1 掷出了 6 点
>>> 等待玩家移动
AI1 移动完毕。
>>> 等待玩家行动
AI1 积分点 250。当前积分点: 700。原因: 职业技能：旅行博主
--- 回合结束 ---
玩家 AI1回合结束
--- 回合开始 ---
>>> 等待玩家掷骰子
AI0 掷出了 9 点
>>> 等待玩家移动
>>> 等待玩家行动
--- 回合结束 ---
玩家 AI0回合结束
--- 回合开始 ---
>>> 等待玩家掷骰子
AI1 掷出了 4 点
>>> 等待玩家移动
>>> 等待玩家行动
--- 回合结束 ---
玩家 AI1回合结束
--- 回合开始 ---
>>> 等待玩家掷骰子
AI0 掷出了 10 点
>>> 等待玩家移动
>>> 等待玩家行动
--- 回合结束 ---
玩家 AI0回合结束
--- 回合开始 ---
>>> 等待玩家掷骰子
AI1 掷出了 5 点
>>> 等待玩家移动
>>> 等待玩家行动
--- 回合结束 ---
玩家 AI1回合结束
--- 回合开始 ---
>>> 等待玩家掷骰子
AI0 掷出了 7 点
>>> 等待玩家移动
>>> 等待玩家行动
--- 回合结束 ---
玩家 AI0回合结束
--- 回合开始 ---
>>> 等待玩家掷骰子
AI1 掷出了 8 点
>>> 等待玩家移动
>>> 等待玩家行动
--- 回合结束 ---
玩家 AI1回合结束
--- 回合开始 ---
>>> 等待玩家掷骰子
AI0 掷出了 7 点
>>> 等待玩家移动
>>> 等待玩家行动
--- 回合结束 ---
玩家 AI0回合结束
--- 回合开始 ---
>>> 等待玩家掷骰子
AI1 掷出了 4 点
>>> 等待玩家移动
>>> 等待玩家行动
--- 回合结束 ---
玩家 AI1回合结束
--- 回合开始 ---
>>> 等待玩家掷骰子
AI0 掷出了 7 点
>>> 等待玩家移动
>>> 等待玩家行动
--- 回合结束 ---
玩家 AI0回合结束
--- 回合开始 ---
>>> 等待玩家掷骰子
AI1 掷出了 9 点
>>> 等待玩家移动
>>> 等待玩家行动
--- 回合结束 ---
玩家 AI1回合结束
--- 回合开始 ---
>>> 等待玩家掷骰子
AI0 掷出了 7 点
>>> 等待玩家移动
>>> 等待玩家行动
--- 回合结束 ---
玩家 AI0回合结束
--- 回合开始 ---
>>> 等待玩家掷骰子
AI1 掷出了 5 点
>>> 等待玩家移动
>>> 等待玩家行动
--- 回合结束 ---
玩家 AI1回合结束
--- 回合开始 ---
>>> 等待玩家掷骰子
AI0 掷出了 4 点
>>> 等待玩家移动
>>> 等待玩家行动
--- 回合结束 ---
玩家 AI0回合结束
--- 回合开始 ---
>>> 等待玩家掷骰子
AI1 掷出了 7 点
>>> 等待玩家移动
>>> 等待玩家行动
--- 回合结束 ---
玩家 AI1回合结束
--- 回合开始 ---
>>> 等待玩家掷骰子
AI0 掷出了 5 点
>>> 等待玩家移动
>>> 等待玩家行动
--- 回合结束 ---
玩家 AI0回合结束
--- 回合开始 ---
>>> 等待玩家掷骰子
AI1 掷出了 9 点
>>> 等待玩家移动
>>> 等待玩家行动
--- 回合结束 ---
玩家 AI1回合结束
--- 回合开始 ---
>>> 等待玩家掷骰子
AI0 掷出了 8 点
>>> 等待玩家移动
>>> 等待玩家行动
--- 回合结束 ---
玩家 AI0回合结束
--- 回合开始 ---
>>> 等待玩家掷骰子
AI1 掷出了 8 点
>>> 等待玩家移动
>>> 等待玩家行动
--- 回合结束 ---
玩家 AI1回合结束
--- 回合开始 ---
>>> 等待玩家掷骰子
AI0 掷出了 8 点
>>> 等待玩家移动
>>> 等待玩家行动
--- 回合结束 ---
玩家 AI0回合结束
--- 回合开始 ---
>>> 等待玩家掷骰子
AI1 掷出了 6 点
>>> 等待玩家移动
>>> 等待玩家行动
--- 回合结束 ---
玩家 AI1回合结束
--- 回合开始 ---
>>> 等待玩家掷骰子
AI0 掷出了 5 点
>>> 等待玩家移动
>>> 等待玩家行动
--- 回合结束 ---
玩家 AI0回合结束
--- 回合开始 ---
>>> 等待玩家掷骰子
AI1 掷出了 7 点
>>> 等待玩家移动
>>> 等待玩家行动
--- 回合结束 ---
玩家 AI1回合结束
--- 回合开始 ---
>>> 等待玩家掷骰子
AI0 掷出了 11 点
>>> 等待玩家移动
>>> 等待玩家行动
--- 回合结束 ---
玩家 AI0回合结束
--- 回合开始 ---
>>> 等待玩家掷骰子
AI1 掷出了 6 点
>>> 等待玩家移动
>>> 等待玩家行动
--- 回合结束 ---
玩家 AI1回合结束
--- 回合开始 ---
>>> 等待玩家掷骰子
AI0 掷出了 6 点
>>> 等待玩家移动
>>> 等待玩家行动
--- 回合结束 ---
玩家 AI0回合结束
--- 回合开始 ---
>>> 等待玩家掷骰子
AI1 掷出了 2 点
>>> 等待玩家移动
>>> 等待玩家行动
--- 回合结束 ---
玩家 AI1回合结束
--- 回合开始 ---
>>> 等待玩家掷骰子
AI0 掷出了 6 点
>>> 等待玩家移动
>>> 等待玩家行动
--- 回合结束 ---
玩家 AI0回合结束
--- 回合开始 ---
>>> 等待玩家掷骰子
AI1 掷出了 8 点
>>> 等待玩家移动
>>> 等待玩家行动
--- 回合结束 ---
玩家 AI1回合结束
--- 回合开始 ---
>>> 等待玩家掷骰子
AI0 掷出了 10 点
>>> 等待玩家移动
>>> 等待玩家行动
--- 回合结束 ---
玩家 AI0回合结束
--- 回合开始 ---
>>> 等待玩家掷骰子
AI1 掷出了 5 点
>>> 等待玩家移动
>>> 等待玩家行动
--- 回合结束 ---
玩家 AI1回合结束
--- 回合开始 ---
>>> 等待玩家掷骰子
AI0 掷出了 2 点
>>> 等待玩家移动
>>> 等待玩家行动
--- 回合结束 ---
玩家 AI0回合结束
--- 回合开始 ---
>>> 等待玩家掷骰子
AI1 掷出了 6 点
>>> 等待玩家移动
>>> 等待玩家行动
--- 回合结束 ---
玩家 AI1回合结束
--- 回合开始 ---
>>> 等待玩家掷骰子
AI0 掷出了 9 点
>>> 等待玩家移动
>>> 等待玩家行动
--- 回合结束 ---
玩家 AI0回合结束
--- 回合开始 ---
>>> 等待玩家掷骰子
AI1 掷出了 9 点
>>> 等待玩家移动
>>> 等待玩家行动
--- 回合结束 ---
玩家 AI1回合结束
--- 回合开始 ---
>>> 等待玩家掷骰子
AI0 掷出了 9 点
>>> 等待玩家移动
>>> 等待玩家行动
--- 回合结束 ---
玩家 AI0回合结束
--- 回合开始 ---
>>> 等待玩家掷骰子
AI1 掷出了 9 点
>>> 等待玩家移动
>>> 等待玩家行动
--- 回合结束 ---
玩家 AI1回合结束
--- 回合开始 ---
>>> 等待玩家掷骰子
AI0 掷出了 9 点
>>> 等待玩家移动
>>> 等待玩家行动
--- 回合结束 ---
玩家 AI0回合结束
--- 回合开始 ---
>>> 等待玩家掷骰子
AI1 掷出了 10 点
>>> 等待玩家移动
>>> 等待玩家行动
--- 回合结束 ---
玩家 AI1回合结束
--- 回合开始 ---
>>> 等待玩家掷骰子
AI0 掷出了 8 点
>>> 等待玩家移动
>>> 等待玩家行动
--- 回合结束 ---
玩家 AI0回合结束
--- 回合开始 ---
>>> 等待玩家掷骰子
AI1 掷出了 3 点
>>> 等待玩家移动
>>> 等待玩家行动
--- 回合结束 ---
玩家 AI1回合结束
--- 回合开始 ---
>>> 等待玩家掷骰子
AI0 掷出了 5 点
>>> 等待玩家移动
>>> 等待玩家行动
--- 回合结束 ---
玩家 AI0回合结束
--- 回合开始 ---
>>> 等待玩家掷骰子
AI1 掷出了 8 点
>>> 等待玩家移动
>>> 等待玩家行动
--- 回合结束 ---
玩家 AI1回合结束
--- 回合开始 ---
>>> 等待玩家掷骰子
AI0 掷出了 10 点
>>> 等待玩家移动
>>> 等待玩家行动
--- 回合结束 ---
玩家 AI0回合结束
--- 回合开始 ---
>>> 等待玩家掷骰子
AI1 掷出了 6 点
>>> 等待玩家移动
>>> 等待玩家行动
--- 回合结束 ---
玩家 AI1回合结束
--- 回合开始 ---
>>> 等待玩家掷骰子
AI0 掷出了 7 点
>>> 等待玩家移动
>>> 等待玩家行动
--- 回合结束 ---
玩家 AI0回合结束
--- 回合开始 ---
>>> 等待玩家掷骰子
AI1 掷出了 4 点
>>> 等待玩家移动
>>> 等待玩家行动
--- 回合结束 ---
玩家 AI1回合结束
--- 回合开始 ---
>>> 等待玩家掷骰子
AI0 掷出了 10 点
>>> 等待玩家移动
>>> 等待玩家行动
--- 回合结束 ---
玩家 AI0回合结束
--- 回合开始 ---
>>> 等待玩家掷骰子
AI1 掷出了 6 点
>>> 等待玩家移动
>>> 等待玩家行动
--- 回合结束 ---
玩家 AI1回合结束
--- 回合开始 ---
>>> 等待玩家掷骰子
AI0 掷出了 8 点
>>> 等待玩家移动
>>> 等待玩家行动
--- 回合结束 ---
玩家 AI0回合结束
--- 回合开始 ---
>>> 等待玩家掷骰子
AI1 掷出了 8 点
>>> 等待玩家移动
>>> 等待玩家行动
--- 回合结束 ---
玩家 AI1回合结束
--- 回合开始 ---
>>> 等待玩家掷骰子
AI0 掷出了 9 点
>>> 等待玩家移动
>>> 等待玩家行动
--- 回合结束 ---
玩家 AI0回合结束
--- 回合开始 ---
>>> 等待玩家掷骰子
AI1 掷出了 7 点
>>> 等待玩家移动
>>> 等待玩家行动
--- 回合结束 ---
玩家 AI1回合结束
--- 回合开始 ---
>>> 等待玩家掷骰子
AI0 掷出了 3 点
>>> 等待玩家移动
>>> 等待玩家行动
--- 回合结束 ---
玩家 AI0回合结束
--- 回合开始 ---
>>> 等待玩家掷骰子
AI1 掷出了 9 点
>>> 等待玩家移动
>>> 等待玩家行动
--- 回合结束 ---
玩家 AI1回合结束
--- 回合开始 ---
>>> 等待玩家掷骰子
AI0 掷出了 2 点
>>> 等待玩家移动
>>> 等待玩家行动
--- 回合结束 ---
玩家 AI0回合结束
--- 回合开始 ---
>>> 等待玩家掷骰子
AI1 掷出了 6 点
>>> 等待玩家移动
>>> 等待玩家行动
--- 回合结束 ---
玩家 AI1回合结束
--- 回合开始 ---
>>> 等待玩家掷骰子
AI0 掷出了 8 点
>>> 等待玩家移动
>>> 等待玩家行动
--- 回合结束 ---
玩家 AI0回合结束
--- 回合开始 ---
>>> 等待玩家掷骰子
AI1 掷出了 4 点
>>> 等待玩家移动
>>> 等待玩家行动
--- 回合结束 ---
玩家 AI1回合结束
--- 回合开始 ---
>>> 等待玩家掷骰子
AI0 掷出了 4 点
>>> 等待玩家移动
>>> 等待玩家行动
--- 回合结束 ---
玩家 AI0回合结束
--- 回合开始 ---
>>> 等待玩家掷骰子
AI1 掷出了 12 点
>>> 等待玩家移动
>>> 等待玩家行动
--- 回合结束 ---
玩家 AI1回合结束
--- 回合开始 ---
>>> 等待玩家掷骰子
AI0 掷出了 5 点
>>> 等待玩家移动
>>> 等待玩家行动
--- 回合结束 ---
玩家 AI0回合结束
--- 回合开始 ---
>>> 等待玩家掷骰子
AI1 掷出了 7 点
>>> 等待玩家移动
>>> 等待玩家行动
--- 回合结束 ---
玩家 AI1回合结束
--- 回合开始 ---
>>> 等待玩家掷骰子
AI0 掷出了 7 点
>>> 等待玩家移动
>>> 等待玩家行动
--- 回合结束 ---
玩家 AI0回合结束
--- 回合开始 ---
>>> 等待玩家掷骰子
AI1 掷出了 8 点
>>> 等待玩家移动
>>> 等待玩家行动
--- 回合结束 ---
玩家 AI1回合结束
--- 回合开始 ---
>>> 等待玩家掷骰子
AI0 掷出了 5 点
>>> 等待玩家移动
>>> 等待玩家行动
--- 回合结束 ---
玩家 AI0回合结束
--- 回合开始 ---
>>> 等待玩家掷骰子
AI1 掷出了 4 点
>>> 等待玩家移动
>>> 等待玩家行动
--- 回合结束 ---
玩家 AI1回合结束
--- 回合开始 ---
>>> 等待玩家掷骰子
AI0 掷出了 11 点
>>> 等待玩家移动
>>> 等待玩家行动
--- 回合结束 ---
玩家 AI0回合结束
--- 回合开始 ---
>>> 等待玩家掷骰子
AI1 掷出了 9 点
>>> 等待玩家移动
>>> 等待玩家行动
--- 回合结束 ---
玩家 AI1回合结束
--- 回合开始 ---
>>> 等待玩家掷骰子
AI0 掷出了 9 点
>>> 等待玩家移动
>>> 等待玩家行动
--- 回合结束 ---
玩家 AI0回合结束
--- 回合开始 ---
>>> 等待玩家掷骰子
AI1 掷出了 9 点
>>> 等待玩家移动
>>> 等待玩家行动
--- 回合结束 ---
玩家 AI1回合结束
--- 回合开始 ---
>>> 等待玩家掷骰子
AI0 掷出了 5 点
>>> 等待玩家移动
>>> 等待玩家行动
--- 回合结束 ---
玩家 AI0回合结束
--- 回合开始 ---
>>> 等待玩家掷骰子
AI1 掷出了 8 点
>>> 等待玩家移动
>>> 等待玩家行动
--- 回合结束 ---
玩家 AI1回合结束
--- 回合开始 ---
>>> 等待玩家掷骰子
AI0 掷出了 7 点
>>> 等待玩家移动
>>> 等待玩家行动
--- 回合结束 ---
玩家 AI0回合结束
--- 回合开始 ---
>>> 等待玩家掷骰子
AI1 掷出了 6 点
>>> 等待玩家移动
>>> 等待玩家行动
--- 回合结束 ---
玩家 AI1回合结束
--- 回合开始 ---
>>> 等待玩家掷骰子
AI0 掷出了 8 点
>>> 等待玩家移动
>>> 等待玩家行动
--- 回合结束 ---
玩家 AI0回合结束
--- 回合开始 ---
>>> 等待玩家掷骰子
AI1 掷出了 9 点
>>> 等待玩家移动
>>> 等待玩家行动
--- 回合结束 ---
玩家 AI1回合结束
--- 回合开始 ---
>>> 等待玩家掷骰子
AI0 掷出了 8 点
>>> 等待玩家移动
>>> 等待玩家行动
--- 回合结束 ---
玩家 AI0回合结束
--- 回合开始 ---
>>> 等待玩家掷骰子
AI1 掷出了 11 点
>>> 等待玩家移动
>>> 等待玩家行动
--- 回合结束 ---
玩家 AI1回合结束
--- 回合开始 ---
>>> 等待玩家掷骰子
AI0 掷出了 6 点
>>> 等待玩家移动
>>> 等待玩家行动
--- 回合结束 ---
玩家 AI0回合结束
--- 回合开始 ---
>>> 等待玩家掷骰子
AI1 掷出了 5 点
>>> 等待玩家移动
>>> 等待玩家行动
--- 回合结束 ---
玩家 AI1回合结束
--- 回合开始 ---
>>> 等待玩家掷骰子
AI0 掷出了 3 点
>>> 等待玩家移动
>>> 等待玩家行动
--- 回合结束 ---
玩家 AI0回合结束
--- 回合开始 ---
>>> 等待玩家掷骰子
AI1 掷出了 7 点
>>> 等待玩家移动
>>> 等待玩家行动
--- 回合结束 ---
玩家 AI1回合结束
--- 回合开始 ---
>>> 等待玩家掷骰子
AI0 掷出了 7 点
>>> 等待玩家移动
>>> 等待玩家行动
--- 回合结束 ---
玩家 AI0回合结束
--- 回合开始 ---
>>> 等待玩家掷骰子
AI1 掷出了 8 点
>>> 等待玩家移动
>>> 等待玩家行动
--- 回合结束 ---
玩家 AI1回合结束
--- 回合开始 ---
>>> 等待玩家掷骰子
AI0 掷出了 9 点
>>> 等待玩家移动
>>> 等待玩家行动
--- 回合结束 ---
玩家 AI0回合结束
--- 回合开始 ---
>>> 等待玩家掷骰子
AI1 掷出了 5 点
>>> 等待玩家移动
>>> 等待玩家行动
--- 回合结束 ---
玩家 AI1回合结束
--- 回合开始 ---
>>> 等待玩家掷骰子
AI0 掷出了 5 点
>>> 等待玩家移动
>>> 等待玩家行动
--- 回合结束 ---
玩家 AI0回合结束
--- 回合开始 ---
>>> 等待玩家掷骰子
AI1 掷出了 3 点
>>> 等待玩家移动
>>> 等待玩家行动
--- 回合结束 ---
玩家 AI1回合结束
--- 回合开始 ---
>>> 等待玩家掷骰子
AI0 掷出了 2 点
>>> 等待玩家移动
>>> 等待玩家行动
--- 回合结束 ---
玩家 AI0回合结束
--- 回合开始 ---
>>> 等待玩家掷骰子
AI1 掷出了 3 点
>>> 等待玩家移动
>>> 等待玩家行动
--- 回合结束 ---
玩家 AI1回合结束
--- 回合开始 ---
>>> 等待玩家掷骰子
AI0 掷出了 6 点
>>> 等待玩家移动
>>> 等待玩家行动
--- 回合结束 ---
玩家 AI0回合结束
--- 回合开始 ---
>>> 等待玩家掷骰子
AI1 掷出了 6 点
>>> 等待玩家移动
>>> 等待玩家行动
--- 回合结束 ---
玩家 AI1回合结束
--- 回合开始 ---
>>> 等待玩家掷骰子
AI0 掷出了 10 点
>>> 等待玩家移动
>>> 等待玩家行动
--- 回合结束 ---
玩家 AI0回合结束
--- 回合开始 ---
>>> 等待玩家掷骰子
AI1 掷出了 3 点
>>> 等待玩家移动
>>> 等待玩家行动
--- 回合结束 ---
玩家 AI1回合结束
--- 回合开始 ---
>>> 等待玩家掷骰子
AI0 掷出了 11 点
>>> 等待玩家移动
>>> 等待玩家行动
--- 回合结束 ---
玩家 AI0回合结束
--- 回合开始 ---
>>> 等待玩家掷骰子
AI1 掷出了 7 点
>>> 等待玩家移动
>>> 等待玩家行动
--- 回合结束 ---
玩家 AI1回合结束
--- 回合开始 ---
>>> 等待玩家掷骰子
AI0 掷出了 4 点
>>> 等待玩家移动
>>> 等待玩家行动
--- 回合结束 ---
玩家 AI0回合结束
--- 回合开始 ---
>>> 等待玩家掷骰子
AI1 掷出了 5 点
>>> 等待玩家移动
>>> 等待玩家行动
--- 回合结束 ---
玩家 AI1回合结束
--- 回合开始 ---
>>> 等待玩家掷骰子
AI0 掷出了 4 点
>>> 等待玩家移动
>>> 等待玩家行动
--- 回合结束 ---
玩家 AI0回合结束
--- 回合开始 ---
>>> 等待玩家掷骰子
AI1 掷出了 7 点
>>> 等待玩家移动
>>> 等待玩家行动
--- 回合结束 ---
玩家 AI1回合结束
--- 回合开始 ---
>>> 等待玩家掷骰子
AI0 掷出了 10 点
>>> 等待玩家移动
>>> 等待玩家行动
--- 回合结束 ---
玩家 AI0回合结束
--- 回合开始 ---
>>> 等待玩家掷骰子
AI1 掷出了 4 点
>>> 等待玩家移动
>>> 等待玩家行动
--- 回合结束 ---
玩家 AI1回合结束
--- 回合开始 ---
>>> 等待玩家掷骰子
AI0 掷出了 9 点
>>> 等待玩家移动
>>> 等待玩家行动
--- 回合结束 ---
玩家 AI0回合结束
--- 回合开始 ---
>>> 等待玩家掷骰子
AI1 掷出了 4 点
>>> 等待玩家移动
>>> 等待玩家行动
--- 回合结束 ---
玩家 AI1回合结束
--- 回合开始 ---
>>> 等待玩家掷骰子
AI0 掷出了 12 点
>>> 等待玩家移动
>>> 等待玩家行动
--- 回合结束 ---
玩家 AI0回合结束
--- 回合开始 ---
>>> 等待玩家掷骰子
AI1 掷出了 6 点
>>> 等待玩家移动
>>> 等待玩家行动
--- 回合结束 ---
玩家 AI1回合结束
--- 回合开始 ---
>>> 等待玩家掷骰子
AI0 掷出了 10 点
>>> 等待玩家移动
>>> 等待玩家行动
--- 回合结束 ---
玩家 AI0回合结束
--- 回合开始 ---
>>> 等待玩家掷骰子
AI1 掷出了 10 点
>>> 等待玩家移动
>>> 等待玩家行动
--- 回合结束 ---
玩家 AI1回合结束
--- 回合开始 ---
>>> 等待玩家掷骰子
AI0 掷出了 5 点
>>> 等待玩家移动
>>> 等待玩家行动
--- 回合结束 ---
玩家 AI0回合结束
--- 回合开始 ---
>>> 等待玩家掷骰子
AI1 掷出了 11 点
>>> 等待玩家移动
>>> 等待玩家行动
--- 回合结束 ---
玩家 AI1回合结束
--- 回合开始 ---
>>> 等待玩家掷骰子
AI0 掷出了 5 点
>>> 等待玩家移动
>>> 等待玩家行动
--- 回合结束 ---
玩家 AI0回合结束
--- 回合开始 ---
>>> 等待玩家掷骰子
AI1 掷出了 5 点
>>> 等待玩家移动
>>> 等待玩家行动
--- 回合结束 ---
玩家 AI1回合结束
--- 回合开始 ---
>>> 等待玩家掷骰子
AI0 掷出了 6 点
>>> 等待玩家移动
>>> 等待玩家行动
--- 回合结束 ---
玩家 AI0回合结束
--- 回合开始 ---
>>> 等待玩家掷骰子
AI1 掷出了 8 点
>>> 等待玩家移动
>>> 等待玩家行动
--- 回合结束 ---
玩家 AI1回合结束
--- 回合开始 ---
>>> 等待玩家掷骰子
AI0 掷出了 10 点
>>> 等待玩家移动
>>> 等待玩家行动
--- 回合结束 ---
玩家 AI0回合结束
--- 回合开始 ---
>>> 等待玩家掷骰子
AI1 掷出了 12 点
>>> 等待玩家移动
>>> 等待玩家行动
--- 回合结束 ---
玩家 AI1回合结束
--- 回合开始 ---
>>> 等待玩家掷骰子
AI0 掷出了 8 点
>>> 等待玩家移动
>>> 等待玩家行动
--- 回合结束 ---
玩家 AI0回合结束
--- 回合开始 ---
>>> 等待玩家掷骰子
AI1 掷出了 6 点
>>> 等待玩家移动
>>> 等待玩家行动
--- 回合结束 ---
玩家 AI1回合结束
--- 回合开始 ---
>>> 等待玩家掷骰子
AI0 掷出了 8 点
>>> 等待玩家移动
>>> 等待玩家行动
--- 回合结束 ---
玩家 AI0回合结束
--- 回合开始 ---
>>> 等待玩家掷骰子
AI1 掷出了 6 点
>>> 等待玩家移动
>>> 等待玩家行动
--- 回合结束 ---
玩家 AI1回合结束
--- 回合开始 ---
>>> 等待玩家掷骰子
AI0 掷出了 6 点
>>> 等待玩家移动
>>> 等待玩家行动
--- 回合结束 ---
玩家 AI0回合结束
--- 回合开始 ---
>>> 等待玩家掷骰子
AI1 掷出了 2 点
>>> 等待玩家移动
>>> 等待玩家行动
--- 回合结束 ---
玩家 AI1回合结束
--- 回合开始 ---
>>> 等待玩家掷骰子
AI0 掷出了 6 点
>>> 等待玩家移动
>>> 等待玩家行动
--- 回合结束 ---
玩家 AI0回合结束
--- 回合开始 ---
>>> 等待玩家掷骰子
AI1 掷出了 6 点
>>> 等待玩家移动
>>> 等待玩家行动
--- 回合结束 ---
玩家 AI1回合结束
--- 回合开始 ---
>>> 等待玩家掷骰子
AI0 掷出了 11 点
>>> 等待玩家移动
>>> 等待玩家行动
--- 回合结束 ---
玩家 AI0回合结束
--- 回合开始 ---
>>> 等待玩家掷骰子
AI1 掷出了 6 点
>>> 等待玩家移动
>>> 等待玩家行动
--- 回合结束 ---
玩家 AI1回合结束
--- 回合开始 ---
>>> 等待玩家掷骰子
AI0 掷出了 5 点
>>> 等待玩家移动
>>> 等待玩家行动
--- 回合结束 ---
玩家 AI0回合结束
--- 回合开始 ---
>>> 等待玩家掷骰子
AI1 掷出了 7 点
>>> 等待玩家移动
>>> 等待玩家行动
--- 回合结束 ---
玩家 AI1回合结束
--- 回合开始 ---
>>> 等待玩家掷骰子
AI0 掷出了 8 点
>>> 等待玩家移动
>>> 等待玩家行动
--- 回合结束 ---
玩家 AI0回合结束
--- 回合开始 ---
>>> 等待玩家掷骰子
AI1 掷出了 11 点
>>> 等待玩家移动
>>> 等待玩家行动
--- 回合结束 ---
玩家 AI1回合结束
--- 回合开始 ---
>>> 等待玩家掷骰子
AI0 掷出了 3 点
>>> 等待玩家移动
>>> 等待玩家行动
--- 回合结束 ---
玩家 AI0回合结束
--- 回合开始 ---
>>> 等待玩家掷骰子
AI1 掷出了 5 点
>>> 等待玩家移动
>>> 等待玩家行动
--- 回合结束 ---
玩家 AI1回合结束
--- 回合开始 ---
>>> 等待玩家掷骰子
AI0 掷出了 7 点
>>> 等待玩家移动
>>> 等待玩家行动
--- 回合结束 ---
玩家 AI0回合结束
--- 回合开始 ---
>>> 等待玩家掷骰子
AI1 掷出了 7 点
>>> 等待玩家移动
>>> 等待玩家行动
--- 回合结束 ---
玩家 AI1回合结束
--- 回合开始 ---
>>> 等待玩家掷骰子
AI0 掷出了 5 点
>>> 等待玩家移动
>>> 等待玩家行动
--- 回合结束 ---
玩家 AI0回合结束
--- 回合开始 ---
>>> 等待玩家掷骰子
AI1 掷出了 10 点
>>> 等待玩家移动
>>> 等待玩家行动
--- 回合结束 ---
玩家 AI1回合结束
--- 回合开始 ---
>>> 等待玩家掷骰子
AI0 掷出了 8 点
>>> 等待玩家移动
>>> 等待玩家行动
--- 回合结束 ---
玩家 AI0回合结束
--- 回合开始 ---
>>> 等待玩家掷骰子
AI1 掷出了 4 点
>>> 等待玩家移动
>>> 等待玩家行动
--- 回合结束 ---
玩家 AI1回合结束
--- 回合开始 ---
>>> 等待玩家掷骰子
AI0 掷出了 7 点
>>> 等待玩家移动
>>> 等待玩家行动
--- 回合结束 ---
玩家 AI0回合结束
--- 回合开始 ---
>>> 等待玩家掷骰子
AI1 掷出了 6 点
>>> 等待玩家移动
>>> 等待玩家行动
--- 回合结束 ---
玩家 AI1回合结束
--- 回合开始 ---
>>> 等待玩家掷骰子
AI0 掷出了 4 点
>>> 等待玩家移动
>>> 等待玩家行动
--- 回合结束 ---
玩家 AI0回合结束
--- 回合开始 ---
>>> 等待玩家掷骰子
AI1 掷出了 7 点
>>> 等待玩家移动
>>> 等待玩家行动
--- 回合结束 ---
玩家 AI1回合结束
--- 回合开始 ---
>>> 等待玩家掷骰子
AI0 掷出了 3 点
>>> 等待玩家移动
>>> 等待玩家行动
--- 回合结束 ---
玩家 AI0回合结束
--- 回合开始 ---
>>> 等待玩家掷骰子
AI1 掷出了 3 点
>>> 等待玩家移动
>>> 等待玩家行动
--- 回合结束 ---
玩家 AI1回合结束
--- 回合开始 ---
>>> 等待玩家掷骰子
AI0 掷出了 3 点
>>> 等待玩家移动
>>> 等待玩家行动
--- 回合结束 ---
玩家 AI0回合结束
--- 回合开始 ---
>>> 等待玩家掷骰子
AI1 掷出了 6 点
>>> 等待玩家移动
>>> 等待玩家行动
--- 回合结束 ---
玩家 AI1回合结束
--- 回合开始 ---
>>> 等待玩家掷骰子
AI0 掷出了 5 点
>>> 等待玩家移动
>>> 等待玩家行动
--- 回合结束 ---
玩家 AI0回合结束
--- 回合开始 ---
>>> 等待玩家掷骰子
AI1 掷出了 9 点
>>> 等待玩家移动
>>> 等待玩家行动
--- 回合结束 ---
玩家 AI1回合结束
--- 回合开始 ---
>>> 等待玩家掷骰子
AI0 掷出了 4 点
>>> 等待玩家移动
>>> 等待玩家行动
--- 回合结束 ---
玩家 AI0回合结束
--- 回合开始 ---
>>> 等待玩家掷骰子
AI1 掷出了 3 点
>>> 等待玩家移动
>>> 等待玩家行动
--- 回合结束 ---
玩家 AI1回合结束
--- 回合开始 ---
>>> 等待玩家掷骰子
AI0 掷出了 4 点
>>> 等待玩家移动
>>> 等待玩家行动
--- 回合结束 ---
玩家 AI0回合结束
--- 回合开始 ---
>>> 等待玩家掷骰子
AI1 掷出了 7 点
>>> 等待玩家移动
>>> 等待玩家行动
--- 回合结束 ---
玩家 AI1回合结束
--- 回合开始 ---
>>> 等待玩家掷骰子
AI0 掷出了 5 点
>>> 等待玩家移动
>>> 等待玩家行动
--- 回合结束 ---
玩家 AI0回合结束
--- 回合开始 ---
>>> 等待玩家掷骰子
AI1 掷出了 11 点
>>> 等待玩家移动
>>> 等待玩家行动
--- 回合结束 ---
玩家 AI1回合结束
--- 回合开始 ---
>>> 等待玩家掷骰子
AI0 掷出了 2 点
>>> 等待玩家移动
>>> 等待玩家行动
--- 回合结束 ---
玩家 AI0回合结束
--- 回合开始 ---
>>> 等待玩家掷骰子
AI1 掷出了 7 点
>>> 等待玩家移动
>>> 等待玩家行动
--- 回合结束 ---
玩家 AI1回合结束
--- 回合开始 ---
>>> 等待玩家掷骰子
AI0 掷出了 9 点
>>> 等待玩家移动
>>> 等待玩家行动
--- 回合结束 ---
玩家 AI0回合结束
--- 回合开始 ---
>>> 等待玩家掷骰子
AI1 掷出了 6 点
>>> 等待玩家移动
>>> 等待玩家行动
--- 回合结束 ---
玩家 AI1回合结束
--- 回合开始 ---
>>> 等待玩家掷骰子
AI0 掷出了 8 点
>>> 等待玩家移动
>>> 等待玩家行动
--- 回合结束 ---
玩家 AI0回合结束
--- 回合开始 ---
>>> 等待玩家掷骰子
AI1 掷出了 7 点
>>> 等待玩家移动
>>> 等待玩家行动
--- 回合结束 ---
玩家 AI1回合结束
--- 回合开始 ---
>>> 等待玩家掷骰子
AI0 掷出了 5 点
>>> 等待玩家移动
>>> 等待玩家行动
--- 回合结束 ---
玩家 AI0回合结束
--- 回合开始 ---
>>> 等待玩家掷骰子
AI1 掷出了 9 点
>>> 等待玩家移动
>>> 等待玩家行动
--- 回合结束 ---
玩家 AI1回合结束
--- 回合开始 ---
>>> 等待玩家掷骰子
AI0 掷出了 12 点
>>> 等待玩家移动
>>> 等待玩家行动
--- 回合结束 ---
玩家 AI0回合结束
--- 回合开始 ---
>>> 等待玩家掷骰子
AI1 掷出了 5 点
>>> 等待玩家移动
>>> 等待玩家行动
--- 回合结束 ---
玩家 AI1回合结束
--- 回合开始 ---
>>> 等待玩家掷骰子
AI0 掷出了 5 点
>>> 等待玩家移动
>>> 等待玩家行动
--- 回合结束 ---
玩家 AI0回合结束
--- 回合开始 ---
>>> 等待玩家掷骰子
AI1 掷出了 10 点
>>> 等待玩家移动
>>> 等待玩家行动
--- 回合结束 ---
玩家 AI1回合结束
--- 回合开始 ---
>>> 等待玩家掷骰子
AI0 掷出了 6 点
>>> 等待玩家移动
>>> 等待玩家行动
--- 回合结束 ---
玩家 AI0回合结束
--- 回合开始 ---
>>> 等待玩家掷骰子
AI1 掷出了 9 点
>>> 等待玩家移动
>>> 等待玩家行动
--- 回合结束 ---
玩家 AI1回合结束
--- 回合开始 ---
>>> 等待玩家掷骰子
AI0 掷出了 9 点
>>> 等待玩家移动
>>> 等待玩家行动
--- 回合结束 ---
玩家 AI0回合结束
--- 回合开始 ---
>>> 等待玩家掷骰子
AI1 掷出了 10 点
>>> 等待玩家移动
>>> 等待玩家行动
--- 回合结束 ---
玩家 AI1回合结束
--- 回合开始 ---
>>> 等待玩家掷骰子
AI0 掷出了 8 点
>>> 等待玩家移动
>>> 等待玩家行动
--- 回合结束 ---
玩家 AI0回合结束
--- 回合开始 ---
>>> 等待玩家掷骰子
AI1 掷出了 6 点
>>> 等待玩家移动
>>> 等待玩家行动
--- 回合结束 ---
玩家 AI1回合结束
--- 回合开始 ---
>>> 等待玩家掷骰子
AI0 掷出了 6 点
>>> 等待玩家移动
>>> 等待玩家行动
--- 回合结束 ---
玩家 AI0回合结束
--- 回合开始 ---
>>> 等待玩家掷骰子
AI1 掷出了 9 点
>>> 等待玩家移动
>>> 等待玩家行动
--- 回合结束 ---
玩家 AI1回合结束
--- 回合开始 ---
>>> 等待玩家掷骰子
AI0 掷出了 5 点
>>> 等待玩家移动
>>> 等待玩家行动
--- 回合结束 ---
玩家 AI0回合结束
--- 回合开始 ---
>>> 等待玩家掷骰子
AI1 掷出了 7 点
>>> 等待玩家移动
>>> 等待玩家行动
--- 回合结束 ---
玩家 AI1回合结束
--- 回合开始 ---
>>> 等待玩家掷骰子
AI0 掷出了 8 点
>>> 等待玩家移动
>>> 等待玩家行动
--- 回合结束 ---
玩家 AI0回合结束
--- 回合开始 ---
>>> 等待玩家掷骰子
AI1 掷出了 8 点
>>> 等待玩家移动
>>> 等待玩家行动
--- 回合结束 ---
玩家 AI1回合结束
--- 回合开始 ---
>>> 等待玩家掷骰子
AI0 掷出了 7 点
>>> 等待玩家移动
>>> 等待玩家行动
--- 回合结束 ---
玩家 AI0回合结束
--- 回合开始 ---
>>> 等待玩家掷骰子
AI1 掷出了 8 点
>>> 等待玩家移动
>>> 等待玩家行动
--- 回合结束 ---
玩家 AI1回合结束
--- 回合开始 ---
>>> 等待玩家掷骰子
AI0 掷出了 7 点
>>> 等待玩家移动
>>> 等待玩家行动
--- 回合结束 ---
玩家 AI0回合结束
--- 回合开始 ---
>>> 等待玩家掷骰子
AI1 掷出了 3 点
>>> 等待玩家移动
>>> 等待玩家行动
--- 回合结束 ---
玩家 AI1回合结束
--- 回合开始 ---
>>> 等待玩家掷骰子
AI0 掷出了 11 点
>>> 等待玩家移动
>>> 等待玩家行动
--- 回合结束 ---
玩家 AI0回合结束
--- 回合开始 ---
>>> 等待玩家掷骰子
AI1 掷出了 8 点
>>> 等待玩家移动
>>> 等待玩家行动
--- 回合结束 ---
玩家 AI1回合结束
--- 回合开始 ---
>>> 等待玩家掷骰子
AI0 掷出了 7 点
>>> 等待玩家移动
>>> 等待玩家行动
--- 回合结束 ---
玩家 AI0回合结束
--- 回合开始 ---
>>> 等待玩家掷骰子
AI1 掷出了 8 点
>>> 等待玩家移动
>>> 等待玩家行动
--- 回合结束 ---
玩家 AI1回合结束
--- 回合开始 ---
>>> 等待玩家掷骰子
AI0 掷出了 9 点
>>> 等待玩家移动
>>> 等待玩家行动
--- 回合结束 ---
玩家 AI0回合结束
--- 回合开始 ---
>>> 等待玩家掷骰子
AI1 掷出了 7 点
>>> 等待玩家移动
>>> 等待玩家行动
--- 回合结束 ---
玩家 AI1回合结束
--- 回合开始 ---
>>> 等待玩家掷骰子
AI0 掷出了 9 点
>>> 等待玩家移动
>>> 等待玩家行动
--- 回合结束 ---
玩家 AI0回合结束
--- 回合开始 ---
>>> 等待玩家掷骰子
AI1 掷出了 7 点
>>> 等待玩家移动
>>> 等待玩家行动
--- 回合结束 ---
玩家 AI1回合结束
--- 回合开始 ---
>>> 等待玩家掷骰子
AI0 掷出了 3 点
>>> 等待玩家移动
>>> 等待玩家行动
--- 回合结束 ---
玩家 AI0回合结束
--- 回合开始 ---
>>> 等待玩家掷骰子
AI1 掷出了 8 点
>>> 等待玩家移动
>>> 等待玩家行动
--- 回合结束 ---
玩家 AI1回合结束
--- 回合开始 ---
>>> 等待玩家掷骰子
AI0 掷出了 10 点
>>> 等待玩家移动
>>> 等待玩家行动
--- 回合结束 ---
玩家 AI0回合结束
--- 回合开始 ---
>>> 等待玩家掷骰子
AI1 掷出了 3 点
>>> 等待玩家移动
>>> 等待玩家行动
--- 回合结束 ---
玩家 AI1回合结束
--- 回合开始 ---
>>> 等待玩家掷骰子
AI0 掷出了 7 点
>>> 等待玩家移动
>>> 等待玩家行动
--- 回合结束 ---
玩家 AI0回合结束
--- 回合开始 ---
>>> 等待玩家掷骰子
AI1 掷出了 10 点
>>> 等待玩家移动
>>> 等待玩家行动
--- 回合结束 ---
玩家 AI1回合结束
--- 回合开始 ---
>>> 等待玩家掷骰子
AI0 掷出了 6 点
>>> 等待玩家移动
>>> 等待玩家行动
--- 回合结束 ---
玩家 AI0回合结束
--- 回合开始 ---
>>> 等待玩家掷骰子
AI1 掷出了 9 点
>>> 等待玩家移动
>>> 等待玩家行动
--- 回合结束 ---
玩家 AI1回合结束
--- 回合开始 ---
>>> 等待玩家掷骰子
AI0 掷出了 9 点
>>> 等待玩家移动
>>> 等待玩家行动
--- 回合结束 ---
玩家 AI0回合结束
--- 回合开始 ---
>>> 等待玩家掷骰子
AI1 掷出了 11 点
>>> 等待玩家移动
>>> 等待玩家行动
--- 回合结束 ---
玩家 AI1回合结束
--- 回合开始 ---
>>> 等待玩家掷骰子
AI0 掷出了 9 点
>>> 等待玩家移动
>>> 等待玩家行动
--- 回合结束 ---
玩家 AI0回合结束
--- 回合开始 ---
>>> 等待玩家掷骰子
AI1 掷出了 4 点
>>> 等待玩家移动
>>> 等待玩家行动
--- 回合结束 ---
玩家 AI1回合结束
--- 回合开始 ---
>>> 等待玩家掷骰子
AI0 掷出了 5 点
>>> 等待玩家移动
>>> 等待玩家行动
--- 回合结束 ---
玩家 AI0回合结束
--- 回合开始 ---
>>> 等待玩家掷骰子
AI1 掷出了 7 点
>>> 等待玩家移动
>>> 等待玩家行动
--- 回合结束 ---
玩家 AI1回合结束
--- 回合开始 ---
>>> 等待玩家掷骰子
AI0 掷出了 7 点
>>> 等待玩家移动
>>> 等待玩家行动
--- 回合结束 ---
玩家 AI0回合结束
--- 回合开始 ---
>>> 等待玩家掷骰子
AI1 掷出了 2 点
>>> 等待玩家移动
>>> 等待玩家行动
--- 回合结束 ---
玩家 AI1回合结束
--- 回合开始 ---
>>> 等待玩家掷骰子
AI0 掷出了 5 点
>>> 等待玩家移动
>>> 等待玩家行动
--- 回合结束 ---
玩家 AI0回合结束
--- 回合开始 ---
>>> 等待玩家掷骰子
AI1 掷出了 11 点
>>> 等待玩家移动
>>> 等待玩家行动
--- 回合结束 ---
玩家 AI1回合结束
--- 回合开始 ---
>>> 等待玩家掷骰子
AI0 掷出了 5 点
>>> 等待玩家移动
>>> 等待玩家行动
--- 回合结束 ---
玩家 AI0回合结束
--- 回合开始 ---
>>> 等待玩家掷骰子
AI1 掷出了 7 点
>>> 等待玩家移动
>>> 等待玩家行动
--- 回合结束 ---
玩家 AI1回合结束
--- 回合开始 ---
>>> 等待玩家掷骰子
AI0 掷出了 9 点
>>> 等待玩家移动
>>> 等待玩家行动
--- 回合结束 ---
玩家 AI0回合结束
--- 回合开始 ---
>>> 等待玩家掷骰子
AI1 掷出了 4 点
>>> 等待玩家移动
>>> 等待玩家行动
--- 回合结束 ---
玩家 AI1回合结束
--- 回合开始 ---
>>> 等待玩家掷骰子
AI0 掷出了 9 点
>>> 等待玩家移动
>>> 等待玩家行动
--- 回合结束 ---
玩家 AI0回合结束
--- 回合开始 ---
>>> 等待玩家掷骰子
AI1 掷出了 5 点
>>> 等待玩家移动
>>> 等待玩家行动
--- 回合结束 ---
玩家 AI1回合结束
--- 回合开始 ---
>>> 等待玩家掷骰子
AI0 掷出了 3 点
>>> 等待玩家移动
>>> 等待玩家行动
--- 回合结束 ---
玩家 AI0回合结束
--- 回合开始 ---
>>> 等待玩家掷骰子
AI1 掷出了 7 点
>>> 等待玩家移动
>>> 等待玩家行动
--- 回合结束 ---
玩家 AI1回合结束
--- 回合开始 ---
>>> 等待玩家掷骰子
AI0 掷出了 6 点
>>> 等待玩家移动
>>> 等待玩家行动
--- 回合结束 ---
玩家 AI0回合结束
--- 回合开始 ---
>>> 等待玩家掷骰子
AI1 掷出了 9 点
>>> 等待玩家移动
>>> 等待玩家行动
--- 回合结束 ---
玩家 AI1回合结束
--- 回合开始 ---
>>> 等待玩家掷骰子
AI0 掷出了 4 点
>>> 等待玩家移动
>>> 等待玩家行动
--- 回合结束 ---
玩家 AI0回合结束
--- 回合开始 ---
>>> 等待玩家掷骰子
AI1 掷出了 6 点
>>> 等待玩家移动
>>> 等待玩家行动
--- 回合结束 ---
玩家 AI1回合结束
--- 回合开始 ---
>>> 等待玩家掷骰子
AI0 掷出了 8 点
>>> 等待玩家移动
>>> 等待玩家行动
--- 回合结束 ---
玩家 AI0回合结束
--- 回合开始 ---
>>> 等待玩家掷骰子
AI1 掷出了 6 点
>>> 等待玩家移动
>>> 等待玩家行动
--- 回合结束 ---
玩家 AI1回合结束
--- 回合开始 ---
>>> 等待玩家掷骰子
AI0 掷出了 7 点
>>> 等待玩家移动
>>> 等待玩家行动
--- 回合结束 ---
玩家 AI0回合结束
--- 回合开始 ---
>>> 等待玩家掷骰子
AI1 掷出了 8 点
>>> 等待玩家移动
>>> 等待玩家行动
--- 回合结束 ---
玩家 AI1回合结束
--- 回合开始 ---
>>> 等待玩家掷骰子
AI0 掷出了 8 点
>>> 等待玩家移动
>>> 等待玩家行动
--- 回合结束 ---
玩家 AI0回合结束
--- 回合开始 ---
>>> 等待玩家掷骰子
AI1 掷出了 5 点
>>> 等待玩家移动
>>> 等待玩家行动
--- 回合结束 ---
玩家 AI1回合结束
--- 回合开始 ---
>>> 等待玩家掷骰子
AI0 掷出了 8 点
>>> 等待玩家移动
>>> 等待玩家行动
--- 回合结束 ---
玩家 AI0回合结束
--- 回合开始 ---
>>> 等待玩家掷骰子
AI1 掷出了 10 点
>>> 等待玩家移动
>>> 等待玩家行动
--- 回合结束 ---
玩家 AI1回合结束
--- 回合开始 ---
>>> 等待玩家掷骰子
AI0 掷出了 6 点
>>> 等待玩家移动
>>> 等待玩家行动
--- 回合结束 ---
玩家 AI0回合结束
--- 回合开始 ---
>>> 等待玩家掷骰子
AI1 掷出了 6 点
>>> 等待玩家移动
>>> 等待玩家行动
--- 回合结束 ---
玩家 AI1回合结束
--- 回合开始 ---
>>> 等待玩家掷骰子
AI0 掷出了 4 点
>>> 等待玩家移动
>>> 等待玩家行动
--- 回合结束 ---
玩家 AI0回合结束
--- 回合开始 ---
>>> 等待玩家掷骰子
AI1 掷出了 8 点
>>> 等待玩家移动
>>> 等待玩家行动
--- 回合结束 ---
玩家 AI1回合结束
--- 回合开始 ---
>>> 等待玩家掷骰子
AI0 掷出了 10 点
>>> 等待玩家移动
>>> 等待玩家行动
--- 回合结束 ---
玩家 AI0回合结束
--- 回合开始 ---
>>> 等待玩家掷骰子
AI1 掷出了 8 点
>>> 等待玩家移动
>>> 等待玩家行动
--- 回合结束 ---
玩家 AI1回合结束
--- 回合开始 ---
>>> 等待玩家掷骰子
AI0 掷出了 12 点
>>> 等待玩家移动
>>> 等待玩家行动
--- 回合结束 ---
玩家 AI0回合结束
--- 回合开始 ---
>>> 等待玩家掷骰子
AI1 掷出了 2 点
>>> 等待玩家移动
>>> 等待玩家行动
--- 回合结束 ---
玩家 AI1回合结束
--- 回合开始 ---
>>> 等待玩家掷骰子
AI0 掷出了 9 点
>>> 等待玩家移动
>>> 等待玩家行动
--- 回合结束 ---
玩家 AI0回合结束
--- 回合开始 ---
>>> 等待玩家掷骰子
AI1 掷出了 7 点
>>> 等待玩家移动
>>> 等待玩家行动
--- 回合结束 ---
玩家 AI1回合结束
--- 回合开始 ---
>>> 等待玩家掷骰子
AI0 掷出了 6 点
>>> 等待玩家移动
>>> 等待玩家行动
--- 回合结束 ---
玩家 AI0回合结束
--- 回合开始 ---
>>> 等待玩家掷骰子
AI1 掷出了 10 点
>>> 等待玩家移动
>>> 等待玩家行动
--- 回合结束 ---
玩家 AI1回合结束
--- 回合开始 ---
>>> 等待玩家掷骰子
AI0 掷出了 7 点
>>> 等待玩家移动
>>> 等待玩家行动
--- 回合结束 ---
玩家 AI0回合结束
--- 回合开始 ---
>>> 等待玩家掷骰子
AI1 掷出了 8 点
>>> 等待玩家移动
>>> 等待玩家行动
--- 回合结束 ---
玩家 AI1回合结束
--- 回合开始 ---
>>> 等待玩家掷骰子
AI0 掷出了 6 点
>>> 等待玩家移动
>>> 等待玩家行动
--- 回合结束 ---
玩家 AI0回合结束
--- 回合开始 ---
>>> 等待玩家掷骰子
AI1 掷出了 10 点
>>> 等待玩家移动
>>> 等待玩家行动
--- 回合结束 ---
玩家 AI1回合结束
--- 回合开始 ---
>>> 等待玩家掷骰子
AI0 掷出了 10 点
>>> 等待玩家移动
>>> 等待玩家行动
--- 回合结束 ---
玩家 AI0回合结束
--- 回合开始 ---
>>> 等待玩家掷骰子
AI1 掷出了 7 点
>>> 等待玩家移动
>>> 等待玩家行动
--- 回合结束 ---
玩家 AI1回合结束
--- 回合开始 ---
>>> 等待玩家掷骰子
AI0 掷出了 3 点
>>> 等待玩家移动
>>> 等待玩家行动
--- 回合结束 ---
玩家 AI0回合结束
--- 回合开始 ---
>>> 等待玩家掷骰子
AI1 掷出了 12 点
>>> 等待玩家移动
>>> 等待玩家行动
--- 回合结束 ---
玩家 AI1回合结束
--- 回合开始 ---
>>> 等待玩家掷骰子
AI0 掷出了 2 点
>>> 等待玩家移动
>>> 等待玩家行动
--- 回合结束 ---
玩家 AI0回合结束
--- 回合开始 ---
>>> 等待玩家掷骰子
AI1 掷出了 4 点
>>> 等待玩家移动
>>> 等待玩家行动
--- 回合结束 ---
玩家 AI1回合结束
--- 回合开始 ---
>>> 等待玩家掷骰子
AI0 掷出了 6 点
>>> 等待玩家移动
>>> 等待玩家行动
--- 回合结束 ---
玩家 AI0回合结束
--- 回合开始 ---
>>> 等待玩家掷骰子
AI1 掷出了 10 点
>>> 等待玩家移动
>>> 等待玩家行动
--- 回合结束 ---
玩家 AI1回合结束
--- 回合开始 ---
>>> 等待玩家掷骰子
AI0 掷出了 4 点
>>> 等待玩家移动
>>> 等待玩家行动
--- 回合结束 ---
玩家 AI0回合结束
--- 回合开始 ---
>>> 等待玩家掷骰子
AI1 掷出了 2 点
>>> 等待玩家移动
>>> 等待玩家行动
--- 回合结束 ---
玩家 AI1回合结束
--- 回合开始 ---
>>> 等待玩家掷骰子
AI0 掷出了 8 点
>>> 等待玩家移动
>>> 等待玩家行动
--- 回合结束 ---
玩家 AI0回合结束
--- 回合开始 ---
>>> 等待玩家掷骰子
AI1 掷出了 7 点
>>> 等待玩家移动
>>> 等待玩家行动
--- 回合结束 ---
玩家 AI1回合结束
--- 回合开始 ---
>>> 等待玩家掷骰子
AI0 掷出了 7 点
>>> 等待玩家移动
>>> 等待玩家行动
--- 回合结束 ---
玩家 AI0回合结束
--- 回合开始 ---
>>> 等待玩家掷骰子
AI1 掷出了 4 点
>>> 等待玩家移动
>>> 等待玩家行动
--- 回合结束 ---
玩家 AI1回合结束
--- 回合开始 ---
>>> 等待玩家掷骰子
AI0 掷出了 5 点
>>> 等待玩家移动
>>> 等待玩家行动
--- 回合结束 ---
玩家 AI0回合结束
--- 回合开始 ---
>>> 等待玩家掷骰子
AI1 掷出了 5 点
>>> 等待玩家移动
>>> 等待玩家行动
--- 回合结束 ---
玩家 AI1回合结束
--- 回合开始 ---
>>> 等待玩家掷骰子
AI0 掷出了 5 点
>>> 等待玩家移动
>>> 等待玩家行动
--- 回合结束 ---
玩家 AI0回合结束
--- 回合开始 ---
>>> 等待玩家掷骰子
AI1 掷出了 7 点
>>> 等待玩家移动
>>> 等待玩家行动
--- 回合结束 ---
玩家 AI1回合结束
--- 回合开始 ---
>>> 等待玩家掷骰子
AI0 掷出了 2 点
>>> 等待玩家移动
>>> 等待玩家行动
--- 回合结束 ---
玩家 AI0回合结束
--- 回合开始 ---
>>> 等待玩家掷骰子
AI1 掷出了 7 点
>>> 等待玩家移动
>>> 等待玩家行动
--- 回合结束 ---
玩家 AI1回合结束
--- 回合开始 ---
>>> 等待玩家掷骰子
AI0 掷出了 8 点
>>> 等待玩家移动
>>> 等待玩家行动
--- 回合结束 ---
玩家 AI0回合结束
--- 回合开始 ---
>>> 等待玩家掷骰子
AI1 掷出了 6 点
>>> 等待玩家移动
>>> 等待玩家行动
--- 回合结束 ---
玩家 AI1回合结束
--- 回合开始 ---
>>> 等待玩家掷骰子
AI0 掷出了 4 点
>>> 等待玩家移动
>>> 等待玩家行动
--- 回合结束 ---
玩家 AI0回合结束
--- 回合开始 ---
>>> 等待玩家掷骰子
AI1 掷出了 3 点
>>> 等待玩家移动
>>> 等待玩家行动
--- 回合结束 ---
玩家 AI1回合结束
--- 回合开始 ---
>>> 等待玩家掷骰子
AI0 掷出了 12 点
>>> 等待玩家移动
>>> 等待玩家行动
--- 回合结束 ---
玩家 AI0回合结束
--- 回合开始 ---
>>> 等待玩家掷骰子
AI1 掷出了 5 点
>>> 等待玩家移动
>>> 等待玩家行动
--- 回合结束 ---
玩家 AI1回合结束
--- 回合开始 ---
>>> 等待玩家掷骰子
AI0 掷出了 3 点
>>> 等待玩家移动
>>> 等待玩家行动
--- 回合结束 ---
玩家 AI0回合结束
--- 回合开始 ---
>>> 等待玩家掷骰子
AI1 掷出了 9 点
>>> 等待玩家移动
>>> 等待玩家行动
--- 回合结束 ---
玩家 AI1回合结束
--- 回合开始 ---
>>> 等待玩家掷骰子
AI0 掷出了 6 点
>>> 等待玩家移动
>>> 等待玩家行动
--- 回合结束 ---
玩家 AI0回合结束
--- 回合开始 ---
>>> 等待玩家掷骰子
AI1 掷出了 5 点
>>> 等待玩家移动
>>> 等待玩家行动
--- 回合结束 ---
玩家 AI1回合结束
--- 回合开始 ---
>>> 等待玩家掷骰子
AI0 掷出了 10 点
>>> 等待玩家移动
>>> 等待玩家行动
--- 回合结束 ---
玩家 AI0回合结束
--- 回合开始 ---
>>> 等待玩家掷骰子
AI1 掷出了 6 点
>>> 等待玩家移动
>>> 等待玩家行动
--- 回合结束 ---
玩家 AI1回合结束
--- 回合开始 ---
>>> 等待玩家掷骰子
AI0 掷出了 9 点
>>> 等待玩家移动
>>> 等待玩家行动
--- 回合结束 ---
玩家 AI0回合结束
--- 回合开始 ---
>>> 等待玩家掷骰子
AI1 掷出了 6 点
>>> 等待玩家移动
>>> 等待玩家行动
--- 回合结束 ---
玩家 AI1回合结束
--- 回合开始 ---
>>> 等待玩家掷骰子
AI0 掷出了 10 点
>>> 等待玩家移动
>>> 等待玩家行动
--- 回合结束 ---
玩家 AI0回合结束
--- 回合开始 ---
>>> 等待玩家掷骰子
AI1 掷出了 8 点
>>> 等待玩家移动
>>> 等待玩家行动
--- 回合结束 ---
玩家 AI1回合结束
--- 回合开始 ---
>>> 等待玩家掷骰子
AI0 掷出了 7 点
>>> 等待玩家移动
>>> 等待玩家行动
--- 回合结束 ---
玩家 AI0回合结束
--- 回合开始 ---
>>> 等待玩家掷骰子
AI1 掷出了 5 点
>>> 等待玩家移动
>>> 等待玩家行动
--- 回合结束 ---
玩家 AI1回合结束
--- 回合开始 ---
>>> 等待玩家掷骰子
AI0 掷出了 7 点
>>> 等待玩家移动
>>> 等待玩家行动
--- 回合结束 ---
玩家 AI0回合结束
--- 回合开始 ---
>>> 等待玩家掷骰子
AI1 掷出了 3 点
>>> 等待玩家移动
>>> 等待玩家行动
--- 回合结束 ---
玩家 AI1回合结束
--- 回合开始 ---
>>> 等待玩家掷骰子
AI0 掷出了 11 点
>>> 等待玩家移动
>>> 等待玩家行动
--- 回合结束 ---
玩家 AI0回合结束
--- 回合开始 ---
>>> 等待玩家掷骰子
AI1 掷出了 4 点
>>> 等待玩家移动
>>> 等待玩家行动
--- 回合结束 ---
玩家 AI1回合结束
--- 回合开始 ---
>>> 等待玩家掷骰子
AI0 掷出了 3 点
>>> 等待玩家移动
>>> 等待玩家行动
--- 回合结束 ---
玩家 AI0回合结束
--- 回合开始 ---
>>> 等待玩家掷骰子
AI1 掷出了 3 点
>>> 等待玩家移动
>>> 等待玩家行动
--- 回合结束 ---
玩家 AI1回合结束
--- 回合开始 ---
>>> 等待玩家掷骰子
AI0 掷出了 12 点
>>> 等待玩家移动
>>> 等待玩家行动
--- 回合结束 ---
玩家 AI0回合结束
--- 回合开始 ---
>>> 等待玩家掷骰子
AI1 掷出了 5 点
>>> 等待玩家移动
>>> 等待玩家行动
--- 回合结束 ---
玩家 AI1回合结束
--- 回合开始 ---
>>> 等待玩家掷骰子
AI0 掷出了 12 点
>>> 等待玩家移动
>>> 等待玩家行动
--- 回合结束 ---
玩家 AI0回合结束
--- 回合开始 ---
>>> 等待玩家掷骰子
AI1 掷出了 11 点
>>> 等待玩家移动
>>> 等待玩家行动
--- 回合结束 ---
玩家 AI1回合结束
--- 回合开始 ---
>>> 等待玩家掷骰子
AI0 掷出了 4 点
>>> 等待玩家移动
>>> 等待玩家行动
--- 回合结束 ---
玩家 AI0回合结束
--- 回合开始 ---
>>> 等待玩家掷骰子
AI1 掷出了 7 点
>>> 等待玩家移动
>>> 等待玩家行动
--- 回合结束 ---
玩家 AI1回合结束
--- 回合开始 ---
>>> 等待玩家掷骰子
AI0 掷出了 10 点
>>> 等待玩家移动
>>> 等待玩家行动
--- 回合结束 ---
玩家 AI0回合结束
--- 回合开始 ---
>>> 等待玩家掷骰子
AI1 掷出了 7 点
>>> 等待玩家移动
>>> 等待玩家行动
--- 回合结束 ---
玩家 AI1回合结束
--- 回合开始 ---
>>> 等待玩家掷骰子
AI0 掷出了 9 点
>>> 等待玩家移动
>>> 等待玩家行动
--- 回合结束 ---
玩家 AI0回合结束
--- 回合开始 ---
>>> 等待玩家掷骰子
AI1 掷出了 12 点
>>> 等待玩家移动
>>> 等待玩家行动
--- 回合结束 ---
玩家 AI1回合结束
--- 回合开始 ---
>>> 等待玩家掷骰子
AI0 掷出了 8 点
>>> 等待玩家移动
>>> 等待玩家行动
--- 回合结束 ---
玩家 AI0回合结束
--- 回合开始 ---
>>> 等待玩家掷骰子
AI1 掷出了 4 点
>>> 等待玩家移动
>>> 等待玩家行动
--- 回合结束 ---
玩家 AI1回合结束
--- 回合开始 ---
>>> 等待玩家掷骰子
AI0 掷出了 4 点
>>> 等待玩家移动
>>> 等待玩家行动
--- 回合结束 ---
玩家 AI0回合结束
--- 回合开始 ---
>>> 等待玩家掷骰子
AI1 掷出了 7 点
>>> 等待玩家移动
>>> 等待玩家行动
--- 回合结束 ---
玩家 AI1回合结束
--- 回合开始 ---
>>> 等待玩家掷骰子
AI0 掷出了 7 点
>>> 等待玩家移动
>>> 等待玩家行动
--- 回合结束 ---
玩家 AI0回合结束
--- 回合开始 ---
>>> 等待玩家掷骰子
AI1 掷出了 8 点
>>> 等待玩家移动
>>> 等待玩家行动
--- 回合结束 ---
玩家 AI1回合结束
--- 回合开始 ---
>>> 等待玩家掷骰子
AI0 掷出了 9 点
>>> 等待玩家移动
>>> 等待玩家行动
--- 回合结束 ---
玩家 AI0回合结束
--- 回合开始 ---
>>> 等待玩家掷骰子
AI1 掷出了 7 点
>>> 等待玩家移动
>>> 等待玩家行动
--- 回合结束 ---
玩家 AI1回合结束
--- 回合开始 ---
>>> 等待玩家掷骰子
AI0 掷出了 9 点
>>> 等待玩家移动
>>> 等待玩家行动
--- 回合结束 ---
玩家 AI0回合结束
--- 回合开始 ---
>>> 等待玩家掷骰子
AI1 掷出了 6 点
>>> 等待玩家移动
>>> 等待玩家行动
--- 回合结束 ---
玩家 AI1回合结束
--- 回合开始 ---
>>> 等待玩家掷骰子
AI0 掷出了 7 点
>>> 等待玩家移动
>>> 等待玩家行动
--- 回合结束 ---
玩家 AI0回合结束
--- 回合开始 ---
>>> 等待玩家掷骰子
AI1 掷出了 2 点
>>> 等待玩家移动
>>> 等待玩家行动
--- 回合结束 ---
玩家 AI1回合结束
--- 回合开始 ---
>>> 等待玩家掷骰子
AI0 掷出了 8 点
>>> 等待玩家移动
>>> 等待玩家行动
--- 回合结束 ---
玩家 AI0回合结束
--- 回合开始 ---
>>> 等待玩家掷骰子
AI1 掷出了 4 点
>>> 等待玩家移动
>>> 等待玩家行动
--- 回合结束 ---
玩家 AI1回合结束
--- 回合开始 ---
>>> 等待玩家掷骰子
AI0 掷出了 10 点
>>> 等待玩家移动
>>> 等待玩家行动
--- 回合结束 ---
玩家 AI0回合结束
--- 回合开始 ---
>>> 等待玩家掷骰子
AI1 掷出了 6 点
>>> 等待玩家移动
>>> 等待玩家行动
--- 回合结束 ---
玩家 AI1回合结束
--- 回合开始 ---
>>> 等待玩家掷骰子
AI0 掷出了 2 点
>>> 等待玩家移动
>>> 等待玩家行动
--- 回合结束 ---
玩家 AI0回合结束
--- 回合开始 ---
>>> 等待玩家掷骰子
AI1 掷出了 6 点
>>> 等待玩家移动
>>> 等待玩家行动
--- 回合结束 ---
玩家 AI1回合结束
--- 回合开始 ---
>>> 等待玩家掷骰子
AI0 掷出了 11 点
>>> 等待玩家移动
>>> 等待玩家行动
--- 回合结束 ---
玩家 AI0回合结束
--- 回合开始 ---
>>> 等待玩家掷骰子
AI1 掷出了 9 点
>>> 等待玩家移动
>>> 等待玩家行动
--- 回合结束 ---
玩家 AI1回合结束
--- 回合开始 ---
>>> 等待玩家掷骰子
AI0 掷出了 11 点
>>> 等待玩家移动
>>> 等待玩家行动
--- 回合结束 ---
玩家 AI0回合结束
--- 回合开始 ---
>>> 等待玩家掷骰子
AI1 掷出了 7 点
>>> 等待玩家移动
>>> 等待玩家行动
--- 回合结束 ---
玩家 AI1回合结束
--- 回合开始 ---
>>> 等待玩家掷骰子
AI0 掷出了 3 点
>>> 等待玩家移动
>>> 等待玩家行动
--- 回合结束 ---
玩家 AI0回合结束
--- 回合开始 ---
>>> 等待玩家掷骰子
AI1 掷出了 3 点
>>> 等待玩家移动
>>> 等待玩家行动
--- 回合结束 ---
玩家 AI1回合结束
--- 回合开始 ---
>>> 等待玩家掷骰子
AI0 掷出了 6 点
>>> 等待玩家移动
>>> 等待玩家行动
--- 回合结束 ---
玩家 AI0回合结束
--- 回合开始 ---
>>> 等待玩家掷骰子
AI1 掷出了 2 点
>>> 等待玩家移动
>>> 等待玩家行动
--- 回合结束 ---
玩家 AI1回合结束
--- 回合开始 ---
>>> 等待玩家掷骰子
AI0 掷出了 5 点
>>> 等待玩家移动
>>> 等待玩家行动
--- 回合结束 ---
玩家 AI0回合结束
--- 回合开始 ---
>>> 等待玩家掷骰子
AI1 掷出了 5 点
>>> 等待玩家移动
>>> 等待玩家行动
--- 回合结束 ---
玩家 AI1回合结束
--- 回合开始 ---
>>> 等待玩家掷骰子
AI0 掷出了 8 点
>>> 等待玩家移动
>>> 等待玩家行动
--- 回合结束 ---
玩家 AI0回合结束
--- 回合开始 ---
>>> 等待玩家掷骰子
AI1 掷出了 7 点
>>> 等待玩家移动
>>> 等待玩家行动
--- 回合结束 ---
玩家 AI1回合结束
--- 回合开始 ---
>>> 等待玩家掷骰子
AI0 掷出了 12 点
>>> 等待玩家移动
>>> 等待玩家行动
--- 回合结束 ---
玩家 AI0回合结束
--- 回合开始 ---
>>> 等待玩家掷骰子
AI1 掷出了 9 点
>>> 等待玩家移动
>>> 等待玩家行动
--- 回合结束 ---
玩家 AI1回合结束
--- 回合开始 ---
>>> 等待玩家掷骰子
AI0 掷出了 8 点
>>> 等待玩家移动
>>> 等待玩家行动
--- 回合结束 ---
玩家 AI0回合结束
--- 回合开始 ---
>>> 等待玩家掷骰子
AI1 掷出了 4 点
>>> 等待玩家移动
>>> 等待玩家行动
--- 回合结束 ---
玩家 AI1回合结束
--- 回合开始 ---
>>> 等待玩家掷骰子
AI0 掷出了 4 点
>>> 等待玩家移动
>>> 等待玩家行动
--- 回合结束 ---
玩家 AI0回合结束
--- 回合开始 ---
>>> 等待玩家掷骰子
AI1 掷出了 7 点
>>> 等待玩家移动
>>> 等待玩家行动
--- 回合结束 ---
玩家 AI1回合结束
--- 回合开始 ---
>>> 等待玩家掷骰子
AI0 掷出了 3 点
>>> 等待玩家移动
>>> 等待玩家行动
--- 回合结束 ---
玩家 AI0回合结束
--- 回合开始 ---
>>> 等待玩家掷骰子
AI1 掷出了 10 点
>>> 等待玩家移动
>>> 等待玩家行动
--- 回合结束 ---
玩家 AI1回合结束
--- 回合开始 ---
>>> 等待玩家掷骰子
AI0 掷出了 4 点
>>> 等待玩家移动
>>> 等待玩家行动
--- 回合结束 ---
玩家 AI0回合结束
--- 回合开始 ---
>>> 等待玩家掷骰子
AI1 掷出了 3 点
>>> 等待玩家移动
>>> 等待玩家行动
--- 回合结束 ---
玩家 AI1回合结束
--- 回合开始 ---
>>> 等待玩家掷骰子
AI0 掷出了 7 点
>>> 等待玩家移动
>>> 等待玩家行动
--- 回合结束 ---
玩家 AI0回合结束
--- 回合开始 ---
>>> 等待玩家掷骰子
AI1 掷出了 8 点
>>> 等待玩家移动
>>> 等待玩家行动
--- 回合结束 ---
玩家 AI1回合结束
--- 回合开始 ---
>>> 等待玩家掷骰子
AI0 掷出了 8 点
>>> 等待玩家移动
>>> 等待玩家行动
--- 回合结束 ---
玩家 AI0回合结束
--- 回合开始 ---
>>> 等待玩家掷骰子
AI1 掷出了 4 点
>>> 等待玩家移动
>>> 等待玩家行动
--- 回合结束 ---
玩家 AI1回合结束
--- 回合开始 ---
>>> 等待玩家掷骰子
AI0 掷出了 7 点
>>> 等待玩家移动
>>> 等待玩家行动
--- 回合结束 ---
玩家 AI0回合结束
--- 回合开始 ---
>>> 等待玩家掷骰子
AI1 掷出了 6 点
>>> 等待玩家移动
>>> 等待玩家行动
--- 回合结束 ---
玩家 AI1回合结束
--- 回合开始 ---
>>> 等待玩家掷骰子
AI0 掷出了 8 点
>>> 等待玩家移动
>>> 等待玩家行动
--- 回合结束 ---
玩家 AI0回合结束
--- 回合开始 ---
>>> 等待玩家掷骰子
AI1 掷出了 6 点
>>> 等待玩家移动
>>> 等待玩家行动
--- 回合结束 ---
玩家 AI1回合结束
--- 回合开始 ---
>>> 等待玩家掷骰子
AI0 掷出了 7 点
>>> 等待玩家移动
>>> 等待玩家行动
--- 回合结束 ---
玩家 AI0回合结束
--- 回合开始 ---
>>> 等待玩家掷骰子
AI1 掷出了 5 点
>>> 等待玩家移动
>>> 等待玩家行动
--- 回合结束 ---
玩家 AI1回合结束
--- 回合开始 ---
>>> 等待玩家掷骰子
AI0 掷出了 9 点
>>> 等待玩家移动
>>> 等待玩家行动
--- 回合结束 ---
玩家 AI0回合结束
--- 回合开始 ---
>>> 等待玩家掷骰子
AI1 掷出了 12 点
>>> 等待玩家移动
>>> 等待玩家行动
--- 回合结束 ---
玩家 AI1回合结束
--- 回合开始 ---
>>> 等待玩家掷骰子
AI0 掷出了 3 点
>>> 等待玩家移动
>>> 等待玩家行动
--- 回合结束 ---
玩家 AI0回合结束
--- 回合开始 ---
>>> 等待玩家掷骰子
AI1 掷出了 8 点
>>> 等待玩家移动
>>> 等待玩家行动
--- 回合结束 ---
玩家 AI1回合结束
--- 回合开始 ---
>>> 等待玩家掷骰子
AI0 掷出了 10 点
>>> 等待玩家移动
>>> 等待玩家行动
--- 回合结束 ---
玩家 AI0回合结束
--- 回合开始 ---
>>> 等待玩家掷骰子
AI1 掷出了 5 点
>>> 等待玩家移动
>>> 等待玩家行动
--- 回合结束 ---
玩家 AI1回合结束
--- 回合开始 ---
>>> 等待玩家掷骰子
AI0 掷出了 7 点
>>> 等待玩家移动
>>> 等待玩家行动
--- 回合结束 ---
玩家 AI0回合结束
--- 回合开始 ---
>>> 等待玩家掷骰子
AI1 掷出了 3 点
>>> 等待玩家移动
>>> 等待玩家行动
--- 回合结束 ---
玩家 AI1回合结束
--- 回合开始 ---
>>> 等待玩家掷骰子
AI0 掷出了 4 点
>>> 等待玩家移动
>>> 等待玩家行动
--- 回合结束 ---
玩家 AI0回合结束
--- 回合开始 ---
>>> 等待玩家掷骰子
AI1 掷出了 5 点
>>> 等待玩家移动
>>> 等待玩家行动
--- 回合结束 ---
玩家 AI1回合结束
--- 回合开始 ---
>>> 等待玩家掷骰子
AI0 掷出了 6 点
>>> 等待玩家移动
>>> 等待玩家行动
--- 回合结束 ---
玩家 AI0回合结束
--- 回合开始 ---
>>> 等待玩家掷骰子
AI1 掷出了 3 点
>>> 等待玩家移动
>>> 等待玩家行动
--- 回合结束 ---
玩家 AI1回合结束
--- 回合开始 ---
>>> 等待玩家掷骰子
AI0 掷出了 7 点
>>> 等待玩家移动
>>> 等待玩家行动
--- 回合结束 ---
玩家 AI0回合结束
--- 回合开始 ---
>>> 等待玩家掷骰子
AI1 掷出了 7 点
>>> 等待玩家移动
>>> 等待玩家行动
--- 回合结束 ---
玩家 AI1回合结束
--- 回合开始 ---
>>> 等待玩家掷骰子
AI0 掷出了 8 点
>>> 等待玩家移动
>>> 等待玩家行动
--- 回合结束 ---
玩家 AI0回合结束
--- 回合开始 ---
>>> 等待玩家掷骰子
AI1 掷出了 5 点
>>> 等待玩家移动
>>> 等待玩家行动
--- 回合结束 ---
玩家 AI1回合结束
--- 回合开始 ---
>>> 等待玩家掷骰子
AI0 掷出了 3 点
>>> 等待玩家移动
>>> 等待玩家行动
--- 回合结束 ---
玩家 AI0回合结束
--- 回合开始 ---
>>> 等待玩家掷骰子
AI1 掷出了 8 点
>>> 等待玩家移动
>>> 等待玩家行动
--- 回合结束 ---
玩家 AI1回合结束
--- 回合开始 ---
>>> 等待玩家掷骰子
AI0 掷出了 11 点
>>> 等待玩家移动
>>> 等待玩家行动
--- 回合结束 ---
玩家 AI0回合结束
--- 回合开始 ---
>>> 等待玩家掷骰子
AI1 掷出了 2 点
>>> 等待玩家移动
>>> 等待玩家行动
--- 回合结束 ---
玩家 AI1回合结束
--- 回合开始 ---
>>> 等待玩家掷骰子
AI0 掷出了 4 点
>>> 等待玩家移动
>>> 等待玩家行动
--- 回合结束 ---
玩家 AI0回合结束
--- 回合开始 ---
>>> 等待玩家掷骰子
AI1 掷出了 9 点
>>> 等待玩家移动
>>> 等待玩家行动
--- 回合结束 ---
玩家 AI1回合结束
--- 回合开始 ---
>>> 等待玩家掷骰子
AI0 掷出了 6 点
>>> 等待玩家移动
>>> 等待玩家行动
--- 回合结束 ---
玩家 AI0回合结束
--- 回合开始 ---
>>> 等待玩家掷骰子
AI1 掷出了 4 点
>>> 等待玩家移动
>>> 等待玩家行动
--- 回合结束 ---
玩家 AI1回合结束
--- 回合开始 ---
>>> 等待玩家掷骰子
AI0 掷出了 11 点
>>> 等待玩家移动
>>> 等待玩家行动
--- 回合结束 ---
玩家 AI0回合结束
--- 回合开始 ---
>>> 等待玩家掷骰子
AI1 掷出了 3 点
>>> 等待玩家移动
>>> 等待玩家行动
--- 回合结束 ---
玩家 AI1回合结束
--- 回合开始 ---
>>> 等待玩家掷骰子
AI0 掷出了 8 点
>>> 等待玩家移动
>>> 等待玩家行动
--- 回合结束 ---
玩家 AI0回合结束
--- 回合开始 ---
>>> 等待玩家掷骰子
AI1 掷出了 5 点
>>> 等待玩家移动
>>> 等待玩家行动
--- 回合结束 ---
玩家 AI1回合结束
--- 回合开始 ---
>>> 等待玩家掷骰子
AI0 掷出了 10 点
>>> 等待玩家移动
>>> 等待玩家行动
--- 回合结束 ---
玩家 AI0回合结束
--- 回合开始 ---
>>> 等待玩家掷骰子
AI1 掷出了 5 点
>>> 等待玩家移动
>>> 等待玩家行动
--- 回合结束 ---
玩家 AI1回合结束
--- 回合开始 ---
>>> 等待玩家掷骰子
AI0 掷出了 9 点
>>> 等待玩家移动
>>> 等待玩家行动
--- 回合结束 ---
玩家 AI0回合结束
--- 回合开始 ---
>>> 等待玩家掷骰子
AI1 掷出了 5 点
>>> 等待玩家移动
>>> 等待玩家行动
--- 回合结束 ---
玩家 AI1回合结束
--- 回合开始 ---
>>> 等待玩家掷骰子
AI0 掷出了 4 点
>>> 等待玩家移动
>>> 等待玩家行动
--- 回合结束 ---
玩家 AI0回合结束
--- 回合开始 ---
>>> 等待玩家掷骰子
AI1 掷出了 4 点
>>> 等待玩家移动
>>> 等待玩家行动
--- 回合结束 ---
玩家 AI1回合结束
--- 回合开始 ---
>>> 等待玩家掷骰子
AI0 掷出了 9 点
>>> 等待玩家移动
>>> 等待玩家行动
--- 回合结束 ---
玩家 AI0回合结束
--- 回合开始 ---
>>> 等待玩家掷骰子
AI1 掷出了 8 点
>>> 等待玩家移动
>>> 等待玩家行动
--- 回合结束 ---
玩家 AI1回合结束
--- 回合开始 ---
>>> 等待玩家掷骰子
AI0 掷出了 3 点
>>> 等待玩家移动
>>> 等待玩家行动
--- 回合结束 ---
玩家 AI0回合结束
--- 回合开始 ---
>>> 等待玩家掷骰子
AI1 掷出了 8 点
>>> 等待玩家移动
>>> 等待玩家行动
--- 回合结束 ---
玩家 AI1回合结束
--- 回合开始 ---
>>> 等待玩家掷骰子
AI0 掷出了 6 点
>>> 等待玩家移动
>>> 等待玩家行动
--- 回合结束 ---
玩家 AI0回合结束
--- 回合开始 ---
>>> 等待玩家掷骰子
AI1 掷出了 7 点
>>> 等待玩家移动
>>> 等待玩家行动
--- 回合结束 ---
玩家 AI1回合结束
--- 回合开始 ---
>>> 等待玩家掷骰子
AI0 掷出了 7 点
>>> 等待玩家移动
>>> 等待玩家行动
--- 回合结束 ---
玩家 AI0回合结束
--- 回合开始 ---
>>> 等待玩家掷骰子
AI1 掷出了 8 点
>>> 等待玩家移动
>>> 等待玩家行动
--- 回合结束 ---
玩家 AI1回合结束
--- 回合开始 ---
>>> 等待玩家掷骰子
AI0 掷出了 12 点
>>> 等待玩家移动
>>> 等待玩家行动
--- 回合结束 ---
玩家 AI0回合结束
--- 回合开始 ---
>>> 等待玩家掷骰子
AI1 掷出了 7 点
>>> 等待玩家移动
>>> 等待玩家行动
--- 回合结束 ---
玩家 AI1回合结束
--- 回合开始 ---
>>> 等待玩家掷骰子
AI0 掷出了 9 点
>>> 等待玩家移动
>>> 等待玩家行动
--- 回合结束 ---
玩家 AI0回合结束
--- 回合开始 ---
>>> 等待玩家掷骰子
AI1 掷出了 8 点
>>> 等待玩家移动
>>> 等待玩家行动
--- 回合结束 ---
玩家 AI1回合结束
--- 回合开始 ---
>>> 等待玩家掷骰子
AI0 掷出了 8 点
>>> 等待玩家移动
>>> 等待玩家行动
--- 回合结束 ---
玩家 AI0回合结束
--- 回合开始 ---
>>> 等待玩家掷骰子
AI1 掷出了 5 点
>>> 等待玩家移动
>>> 等待玩家行动
--- 回合结束 ---
玩家 AI1回合结束
--- 回合开始 ---
>>> 等待玩家掷骰子
AI0 掷出了 6 点
>>> 等待玩家移动
>>> 等待玩家行动
--- 回合结束 ---
玩家 AI0回合结束
--- 回合开始 ---
>>> 等待玩家掷骰子
AI1 掷出了 9 点
>>> 等待玩家移动
>>> 等待玩家行动
--- 回合结束 ---
玩家 AI1回合结束
--- 回合开始 ---
>>> 等待玩家掷骰子
AI0 掷出了 7 点
>>> 等待玩家移动
>>> 等待玩家行动
--- 回合结束 ---
玩家 AI0回合结束
--- 回合开始 ---
>>> 等待玩家掷骰子
AI1 掷出了 8 点
>>> 等待玩家移动
>>> 等待玩家行动
--- 回合结束 ---
玩家 AI1回合结束
--- 回合开始 ---
>>> 等待玩家掷骰子
AI0 掷出了 9 点
>>> 等待玩家移动
>>> 等待玩家行动
--- 回合结束 ---
玩家 AI0回合结束
--- 回合开始 ---
>>> 等待玩家掷骰子
AI1 掷出了 6 点
>>> 等待玩家移动
>>> 等待玩家行动
--- 回合结束 ---
玩家 AI1回合结束
--- 回合开始 ---
>>> 等待玩家掷骰子
AI0 掷出了 5 点
>>> 等待玩家移动
>>> 等待玩家行动
--- 回合结束 ---
玩家 AI0回合结束
--- 回合开始 ---
>>> 等待玩家掷骰子
AI1 掷出了 7 点
>>> 等待玩家移动
>>> 等待玩家行动
--- 回合结束 ---
玩家 AI1回合结束
--- 回合开始 ---
>>> 等待玩家掷骰子
AI0 掷出了 11 点
>>> 等待玩家移动
>>> 等待玩家行动
--- 回合结束 ---
玩家 AI0回合结束
--- 回合开始 ---
>>> 等待玩家掷骰子
AI1 掷出了 8 点
>>> 等待玩家移动
>>> 等待玩家行动
--- 回合结束 ---
玩家 AI1回合结束
--- 回合开始 ---
>>> 等待玩家掷骰子
AI0 掷出了 11 点
>>> 等待玩家移动
>>> 等待玩家行动
--- 回合结束 ---
玩家 AI0回合结束
--- 回合开始 ---
>>> 等待玩家掷骰子
AI1 掷出了 12 点
>>> 等待玩家移动
>>> 等待玩家行动
--- 回合结束 ---
玩家 AI1回合结束
--- 回合开始 ---
>>> 等待玩家掷骰子
AI0 掷出了 5 点
>>> 等待玩家移动
>>> 等待玩家行动
--- 回合结束 ---
玩家 AI0回合结束
--- 回合开始 ---
>>> 等待玩家掷骰子
AI1 掷出了 6 点
>>> 等待玩家移动
>>> 等待玩家行动
--- 回合结束 ---
玩家 AI1回合结束
--- 回合开始 ---
>>> 等待玩家掷骰子
AI0 掷出了 10 点
>>> 等待玩家移动
>>> 等待玩家行动
--- 回合结束 ---
玩家 AI0回合结束
--- 回合开始 ---
>>> 等待玩家掷骰子
AI1 掷出了 5 点
>>> 等待玩家移动
>>> 等待玩家行动
--- 回合结束 ---
玩家 AI1回合结束
--- 回合开始 ---
>>> 等待玩家掷骰子
AI0 掷出了 3 点
>>> 等待玩家移动
>>> 等待玩家行动
--- 回合结束 ---
玩家 AI0回合结束
--- 回合开始 ---
>>> 等待玩家掷骰子
AI1 掷出了 5 点
>>> 等待玩家移动
>>> 等待玩家行动
--- 回合结束 ---
玩家 AI1回合结束
--- 回合开始 ---
>>> 等待玩家掷骰子
AI0 掷出了 12 点
>>> 等待玩家移动
>>> 等待玩家行动
--- 回合结束 ---
玩家 AI0回合结束
--- 回合开始 ---
>>> 等待玩家掷骰子
AI1 掷出了 10 点
>>> 等待玩家移动
>>> 等待玩家行动
--- 回合结束 ---
玩家 AI1回合结束
--- 回合开始 ---
>>> 等待玩家掷骰子
AI0 掷出了 10 点
>>> 等待玩家移动
>>> 等待玩家行动
--- 回合结束 ---
玩家 AI0回合结束
--- 回合开始 ---
>>> 等待玩家掷骰子
AI1 掷出了 5 点
>>> 等待玩家移动
>>> 等待玩家行动
--- 回合结束 ---
玩家 AI1回合结束
--- 回合开始 ---
>>> 等待玩家掷骰子
AI0 掷出了 8 点
>>> 等待玩家移动
>>> 等待玩家行动
--- 回合结束 ---
玩家 AI0回合结束
--- 回合开始 ---
>>> 等待玩家掷骰子
AI1 掷出了 4 点
>>> 等待玩家移动
>>> 等待玩家行动
--- 回合结束 ---
玩家 AI1回合结束
--- 回合开始 ---
>>> 等待玩家掷骰子
AI0 掷出了 6 点
>>> 等待玩家移动
>>> 等待玩家行动
--- 回合结束 ---
玩家 AI0回合结束
--- 回合开始 ---
>>> 等待玩家掷骰子
AI1 掷出了 10 点
>>> 等待玩家移动
>>> 等待玩家行动
--- 回合结束 ---
玩家 AI1回合结束
--- 回合开始 ---
>>> 等待玩家掷骰子
AI0 掷出了 8 点
>>> 等待玩家移动
>>> 等待玩家行动
--- 回合结束 ---
玩家 AI0回合结束
--- 回合开始 ---
>>> 等待玩家掷骰子
AI1 掷出了 8 点
>>> 等待玩家移动
>>> 等待玩家行动
--- 回合结束 ---
玩家 AI1回合结束
--- 回合开始 ---
>>> 等待玩家掷骰子
AI0 掷出了 8 点
>>> 等待玩家移动
>>> 等待玩家行动
--- 回合结束 ---
玩家 AI0回合结束
--- 回合开始 ---
>>> 等待玩家掷骰子
AI1 掷出了 11 点
>>> 等待玩家移动
>>> 等待玩家行动
--- 回合结束 ---
玩家 AI1回合结束
--- 回合开始 ---
>>> 等待玩家掷骰子
AI0 掷出了 5 点
>>> 等待玩家移动
>>> 等待玩家行动
--- 回合结束 ---
玩家 AI0回合结束
--- 回合开始 ---
>>> 等待玩家掷骰子
AI1 掷出了 5 点
>>> 等待玩家移动
>>> 等待玩家行动
--- 回合结束 ---
玩家 AI1回合结束
--- 回合开始 ---
>>> 等待玩家掷骰子
AI0 掷出了 9 点
>>> 等待玩家移动
>>> 等待玩家行动
--- 回合结束 ---
玩家 AI0回合结束
--- 回合开始 ---
>>> 等待玩家掷骰子
AI1 掷出了 8 点
>>> 等待玩家移动
>>> 等待玩家行动
--- 回合结束 ---
玩家 AI1回合结束
--- 回合开始 ---
>>> 等待玩家掷骰子
AI0 掷出了 5 点
>>> 等待玩家移动
>>> 等待玩家行动
--- 回合结束 ---
玩家 AI0回合结束
--- 回合开始 ---
>>> 等待玩家掷骰子
AI1 掷出了 2 点
>>> 等待玩家移动
>>> 等待玩家行动
--- 回合结束 ---
玩家 AI1回合结束
--- 回合开始 ---
>>> 等待玩家掷骰子
AI0 掷出了 4 点
>>> 等待玩家移动
>>> 等待玩家行动
--- 回合结束 ---
玩家 AI0回合结束
--- 回合开始 ---
>>> 等待玩家掷骰子
AI1 掷出了 8 点
>>> 等待玩家移动
>>> 等待玩家行动
--- 回合结束 ---
玩家 AI1回合结束
--- 回合开始 ---
>>> 等待玩家掷骰子
AI0 掷出了 4 点
>>> 等待玩家移动
>>> 等待玩家行动
--- 回合结束 ---
玩家 AI0回合结束
--- 回合开始 ---
>>> 等待玩家掷骰子
AI1 掷出了 11 点
>>> 等待玩家移动
>>> 等待玩家行动
--- 回合结束 ---
玩家 AI1回合结束
--- 回合开始 ---
>>> 等待玩家掷骰子
AI0 掷出了 4 点
>>> 等待玩家移动
>>> 等待玩家行动
--- 回合结束 ---
玩家 AI0回合结束
--- 回合开始 ---
>>> 等待玩家掷骰子
AI1 掷出了 8 点
>>> 等待玩家移动
>>> 等待玩家行动
--- 回合结束 ---
玩家 AI1回合结束
--- 回合开始 ---
>>> 等待玩家掷骰子
AI0 掷出了 7 点
>>> 等待玩家移动
>>> 等待玩家行动
--- 回合结束 ---
玩家 AI0回合结束
--- 回合开始 ---
>>> 等待玩家掷骰子
AI1 掷出了 5 点
>>> 等待玩家移动
>>> 等待玩家行动
--- 回合结束 ---
玩家 AI1回合结束
--- 回合开始 ---
>>> 等待玩家掷骰子
AI0 掷出了 10 点
>>> 等待玩家移动
>>> 等待玩家行动
--- 回合结束 ---
玩家 AI0回合结束
--- 回合开始 ---
>>> 等待玩家掷骰子
AI1 掷出了 9 点
>>> 等待玩家移动
>>> 等待玩家行动
--- 回合结束 ---
玩家 AI1回合结束
--- 回合开始 ---
>>> 等待玩家掷骰子
AI0 掷出了 5 点
>>> 等待玩家移动
>>> 等待玩家行动
--- 回合结束 ---
玩家 AI0回合结束
--- 回合开始 ---
>>> 等待玩家掷骰子
AI1 掷出了 9 点
>>> 等待玩家移动
>>> 等待玩家行动
--- 回合结束 ---
玩家 AI1回合结束
--- 回合开始 ---
>>> 等待玩家掷骰子
AI0 掷出了 7 点
>>> 等待玩家移动
>>> 等待玩家行动
--- 回合结束 ---
玩家 AI0回合结束
--- 回合开始 ---
>>> 等待玩家掷骰子
AI1 掷出了 6 点
>>> 等待玩家移动
>>> 等待玩家行动
--- 回合结束 ---
玩家 AI1回合结束
--- 回合开始 ---
清理模态租约：session_reset { "depth": 1, "owners": [&"profession_phase_move"], "tree_pause_depth": 0, "tree_pause_owners": [], "tree_paused": false, "tree_pause_restore_state": false, "resume_phase": 0, "resume_time": 1.0, "session_generation": 2, "turn_epoch": 501 }
   At: res://Managers/turn_manager.gd:263:invalidate_all_modals()
AI_MATCH {"baseline":-1,"completed":false,"decision_times_us":[3536,3571,3582,3612,3628,3631,3647,3651,3661,3681,3701,3704,3741,3747,3748,3751,3757,3761,3772,3778,3800,3810,3819,3831,3838,3838,3839,3844,3852,3869,3877,3878,3886,3887,3891,3899,3902,3904,3907,3915,3916,3916,3917,3922,3927,3928,3936,3936,3944,3948,3948,3950,3956,3958,3959,3961,3962,3963,3966,3976,3977,3978,3994,3997,4002,4002,4032,4034,4041,4042,4042,4052,4053,4053,4062,4063,4064,4065,4070,4071,4071,4074,4076,4080,4080,4082,4082,4090,4097,4102,4103,4112,4113,4116,4122,4124,4125,4125,4133,4134,4138,4143,4143,4143,4144,4147,4149,4151,4151,4155,4155,4168,4172,4183,4186,4187,4187,4191,4193,4194,4198,4200,4202,4206,4208,4208,4209,4215,4219,4219,4223,4234,4236,4239,4242,4242,4246,4248,4257,4259,4274,4277,4280,4281,4283,4287,4287,4290,4290,4292,4293,4294,4297,4301,4308,4309,4312,4315,4316,4317,4319,4322,4333,4347,4351,4352,4355,4356,4357,4358,4359,4362,4363,4366,4367,4368,4370,4370,4372,4375,4379,4380,4397,4398,4401,4404,4405,4412,4413,4417,4418,4420,4422,4436,4438,4440,4443,4452,4454,4459,4462,4463,4465,4468,4470,4473,4479,4482,4483,4487,4492,4494,4499,4500,4500,4504,4504,4509,4509,4519,4520,4520,4521,4522,4525,4528,4535,4535,4544,4544,4550,4560,4561,4572,4574,4575,4582,4587,4593,4593,4604,4618,4626,4626,4629,4635,4635,4635,4639,4639,4643,4647,4649,4653,4654,4655,4656,4663,4663,4669,4675,4679,4681,4684,4685,4691,4695,4698,4699,4702,4709,4711,4722,4722,4723,4726,4730,4732,4735,4737,4740,4743,4743,4744,4745,4754,4762,4764,4765,4766,4766,4771,4773,4778,4780,4783,4787,4792,4796,4798,4799,4800,4804,4804,4808,4809,4810,4815,4815,4823,4824,4828,4837,4840,4841,4847,4850,4852,4853,4854,4865,4871,4878,4879,4890,4902,4912,4916,4920,4921,4930,4932,4938,4939,4941,4944,4946,4949,4953,4957,4957,4959,4961,4966,4967,4968,4968,4972,4974,4975,4977,4980,4980,4982,4986,5000,5010,5016,5018,5018,5026,5028,5036,5046,5054,5055,5070,5072,5075,5081,5082,5088,5092,5094,5099,5107,5109,5111,5118,5120,5121,5123,5124,5125,5129,5130,5137,5138,5142,5142,5148,5151,5160,5163,5179,5180,5185,5188,5192,5193,5193,5198,5203,5205,5211,5213,5219,5220,5221,5236,5236,5241,5243,5247,5256,5261,5261,5262,5264,5265,5267,5269,5276,5286,5288,5288,5290,5293,5295,5295,5301,5303,5304,5313,5325,5337,5350,5351,5363,5370,5373,5373,5375,5385,5398,5400,5403,5410,5411,5420,5422,5429,5437,5460,5462,5476,5479,5492,5495,5498,5500,5504,5508,5510,5516,5518,5534,5537,5538,5563,5568,5590,5612,5636,5640,5644,5651,5661,5661,5661,5667,5692,5715,5717,5734,5740,5744,5748,5761,5769,5776,5786,5792,5799,5800,5814,5817,5833,5835,5886,5897,5902,5905,5908,5911,5917,5928,5955,5980,5988,5988,5989,5989,5991,6002,6013,6049,6049,6050,6059,6077,6085,6090,6101,6105,6121,6130,6134,6136,6138,6143,6165,6194,6207,6212,6217,6252,6267,6271,6295,6296,6314,6316,6359,6376,6376,6439,6501,6511,6536,6569,6586,6594,6636,6644,6650,6692,6696,6705,6710,6721,6749,6762,6775,6778,6818,6820,6825,6862,6879,6914,6974,6995,7002,7036,7052,7054,7077,7095,7104,7134,7140,7154,7164,7179,7184,7203,7230,7255,7280,7291,7309,7353,7357,7404,7418,7422,7429,7478,7491,7503,7514,7557,7563,7567,7568,7574,7590,7593,7610,7613,7617,7624,7631,7639,7651,7718,7722,7735,7743,7754,7770,7793,7795,7810,7815,7816,7825,7826,7834,7841,7854,7854,7855,7859,7890,7895,7900,7901,7914,7915,7920,7924,7929,7930,7940,7941,7949,7959,7989,7989,8000,8023,8038,8038,8038,8043,8050,8054,8061,8091,8103,8111,8118,8121,8122,8128,8132,8160,8174,8195,8200,8206,8207,8208,8211,8224,8238,8241,8242,8244,8279,8292,8298,8301,8345,8346,8351,8357,8362,8384,8391,8391,8391,8406,8410,8410,8416,8418,8419,8440,8450,8464,8471,8474,8475,8477,8510,8513,8513,8521,8522,8526,8526,8526,8529,8546,8548,8563,8568,8573,8576,8581,8588,8606,8620,8624,8632,8634,8650,8650,8651,8652,8661,8663,8664,8665,8667,8671,8672,8673,8676,8683,8687,8693,8697,8709,8715,8727,8735,8738,8739,8743,8750,8758,8761,8766,8768,8770,8771,8776,8782,8784,8784,8792,8793,8798,8798,8808,8809,8819,8834,8836,8838,8842,8842,8859,8860,8868,8873,8877,8892,8894,8936,8960,8960,8987,8996,8999,9001,9012,9019,9032,9033,9034,9036,9039,9039,9043,9045,9066,9067,9067,9075,9088,9090,9092,9095,9097,9107,9118,9121,9124,9124,9125,9131,9132,9146,9162,9167,9169,9186,9186,9190,9199,9208,9225,9227,9239,9245,9246,9248,9251,9263,9281,9282,9283,9286,9288,9290,9299,9301,9303,9312,9313,9315,9316,9335,9335,9341,9353,9361,9370,9382,9382,9399,9399,9401,9409,9410,9412,9417,9417,9428,9431,9431,9437,9437,9453,9457,9469,9470,9477,9486,9487,9487,9488,9507,9508,9508,9510,9517,9531,9531,9534,9537,9539,9541,9546,9568,9583,9592,9608,9608,9617,9637,9651,9652,9657,9670,9671,9673,9689,9692,9699,9706,9717,9725,9737,9748,9751,9754,9762,9777,9791,9792,9794,9822,9830,9830,9833,9835,9849,9853,9859,9866,9869,9876,9894,9908,9911,9925,9925,9942,9950,9970,9971,9987,10007,10038,10051,10056,10063,10068,10081,10089,10091,10102,10108,10116,10116,10119,10124,10127,10133,10140,10159,10164,10166,10173,10174,10206,10210,10215,10233,10249,10250,10256,10264,10265,10272,10304,10322,10330,10337,10344,10352,10358,10370,10371,10398,10416,10420,10427,10440,10450,10532,10536,10546,10546,10548,10557,10561,10568,10571,10576,10583,10593,10628,10646,10646,10652,10665,10672,10675,10685,10719,10730,10733,10751,10754,10757,10845,10854,10867,10878,10879,10886,10904,10904,10919,10924,10927,10928,10940,10942,10942,10963,10968,11030,11038,11064,11068,11092,11143,11148,11152,11189,11191,11205,11208,11213,11213,11232,11233,11239,11288,11350,11353,11386,11420,11422,11439,11462,11467,11476,11483,11486,11518,11555,11598,11611,11649,11658,11671,11682,11697,11772,11789,11804,11807,11840,11851,11853,11882,11883,11938,11990,12008,12022,12039,12051,12066,12105,12145,12166,12184,12231,12269,12286,12333,12397,12442,12466,12565,12641,12659,12666,12679,12826,12827,12842,12872,12876,12877,12987,13012,13048,13198,13250,13255,13284,13622,13634,14061,14330,14501,15006,15027,19094,19318,19513,19615,21517,21561,26548],"diagnostics":[],"difficulties":[2,0],"difficulty":1,"elapsed_ms":28050,"end_reason":-1,"final_players":[{"alive":true,"energy":1,"event_count":0,"food_count":0,"heritage":[{"category":3,"effective":true,"id":-9223371889299159136,"name":"黑暗传","region":7,"score":2,"sell_price":350,"type":"heritage"},{"category":6,"effective":true,"id":-9223371889668257891,"name":"炎帝神农传说","region":7,"score":5,"sell_price":0,"type":"heritage"},{"category":6,"effective":true,"id":-9223371884584761401,"name":"老河口丝弦","region":14,"score":5,"sell_price":0,"type":"heritage"},{"category":2,"effective":true,"id":-9223371884215662646,"name":"老河口木版年画","region":14,"score":1,"sell_price":300,"type":"heritage"},{"category":3,"effective":true,"id":-9223371885322958911,"name":"《黑暗传》","region":14,"score":2,"sell_price":350,"type":"heritage"},{"category":3,"effective":true,"id":-9223371912082618882,"name":"伍家沟民间故事","region":8,"score":2,"sell_price":350,"type":"heritage"}],"id":0,"money":700,"position":"(6, -5, -1)","profession":2,"score":23,"skill_enabled":true,"statuses":{"free_move_phases":0,"scenery_banned":0,"skip_action":0,"skip_moving":0,"work_banned":0}},{"alive":true,"energy":1,"event_count":0,"food_count":0,"heritage":[],"id":1,"money":700,"position":"(-3, -7, 10)","profession":4,"score":10,"skill_enabled":true,"statuses":{"free_move_phases":0,"scenery_banned":0,"skip_action":0,"skip_moving":0,"work_banned":0}}],"index":241,"interaction":{"interaction_id":506,"modal_lease_id":-1,"owner":"profession_section","session_generation":2,"suspend_depth":0,"suspended":false,"time_left":15.0,"turn_epoch":501},"locations":["十堰","随州"],"modals":{"depth":1,"owners":["profession_phase_move"],"resume_phase":0,"resume_time":1.0,"session_generation":2,"tree_pause_depth":0,"tree_pause_owners":[],"tree_pause_restore_state":false,"tree_paused":false,"turn_epoch":501},"p95_us":11804,"phase":0,"players":2,"professions":["探险博主","旅行博主"],"result_entry_count":0,"seed":2930137,"steps":2626,"target":30,"turns":501,"unified_chance":true,"winner_seats":[]}
